Archive member included to satisfy reference by file (symbol)

c:/st/stm32cubeide_1.3.0/stm32cubeide/plugins/com.st.stm32cube.ide.mcu.externaltools.gnu-tools-for-stm32.7-2018-q2-update.win32_1.4.0.202007081208/tools/bin/../lib/gcc/arm-none-eabi/7.3.1/../../../../arm-none-eabi/lib/thumb/v7e-m/fpv4-sp/hard\libc_nano.a(lib_a-errno.o)
                              Core/Src/syscalls.o (__errno)
c:/st/stm32cubeide_1.3.0/stm32cubeide/plugins/com.st.stm32cube.ide.mcu.externaltools.gnu-tools-for-stm32.7-2018-q2-update.win32_1.4.0.202007081208/tools/bin/../lib/gcc/arm-none-eabi/7.3.1/../../../../arm-none-eabi/lib/thumb/v7e-m/fpv4-sp/hard\libc_nano.a(lib_a-exit.o)
                              c:/st/stm32cubeide_1.3.0/stm32cubeide/plugins/com.st.stm32cube.ide.mcu.externaltools.gnu-tools-for-stm32.7-2018-q2-update.win32_1.4.0.202007081208/tools/bin/../lib/gcc/arm-none-eabi/7.3.1/../../../../arm-none-eabi/lib/thumb/v7e-m/fpv4-sp/hard/crt0.o (exit)
c:/st/stm32cubeide_1.3.0/stm32cubeide/plugins/com.st.stm32cube.ide.mcu.externaltools.gnu-tools-for-stm32.7-2018-q2-update.win32_1.4.0.202007081208/tools/bin/../lib/gcc/arm-none-eabi/7.3.1/../../../../arm-none-eabi/lib/thumb/v7e-m/fpv4-sp/hard\libc_nano.a(lib_a-impure.o)
                              c:/st/stm32cubeide_1.3.0/stm32cubeide/plugins/com.st.stm32cube.ide.mcu.externaltools.gnu-tools-for-stm32.7-2018-q2-update.win32_1.4.0.202007081208/tools/bin/../lib/gcc/arm-none-eabi/7.3.1/../../../../arm-none-eabi/lib/thumb/v7e-m/fpv4-sp/hard\libc_nano.a(lib_a-exit.o) (_global_impure_ptr)
c:/st/stm32cubeide_1.3.0/stm32cubeide/plugins/com.st.stm32cube.ide.mcu.externaltools.gnu-tools-for-stm32.7-2018-q2-update.win32_1.4.0.202007081208/tools/bin/../lib/gcc/arm-none-eabi/7.3.1/../../../../arm-none-eabi/lib/thumb/v7e-m/fpv4-sp/hard\libc_nano.a(lib_a-init.o)
                              c:/st/stm32cubeide_1.3.0/stm32cubeide/plugins/com.st.stm32cube.ide.mcu.externaltools.gnu-tools-for-stm32.7-2018-q2-update.win32_1.4.0.202007081208/tools/bin/../lib/gcc/arm-none-eabi/7.3.1/../../../../arm-none-eabi/lib/thumb/v7e-m/fpv4-sp/hard/crt0.o (__libc_init_array)
c:/st/stm32cubeide_1.3.0/stm32cubeide/plugins/com.st.stm32cube.ide.mcu.externaltools.gnu-tools-for-stm32.7-2018-q2-update.win32_1.4.0.202007081208/tools/bin/../lib/gcc/arm-none-eabi/7.3.1/../../../../arm-none-eabi/lib/thumb/v7e-m/fpv4-sp/hard\libc_nano.a(lib_a-memcpy-stub.o)
                              Core/Src/L3GD20H.o (memcpy)
c:/st/stm32cubeide_1.3.0/stm32cubeide/plugins/com.st.stm32cube.ide.mcu.externaltools.gnu-tools-for-stm32.7-2018-q2-update.win32_1.4.0.202007081208/tools/bin/../lib/gcc/arm-none-eabi/7.3.1/../../../../arm-none-eabi/lib/thumb/v7e-m/fpv4-sp/hard\libc_nano.a(lib_a-memset.o)
                              c:/st/stm32cubeide_1.3.0/stm32cubeide/plugins/com.st.stm32cube.ide.mcu.externaltools.gnu-tools-for-stm32.7-2018-q2-update.win32_1.4.0.202007081208/tools/bin/../lib/gcc/arm-none-eabi/7.3.1/../../../../arm-none-eabi/lib/thumb/v7e-m/fpv4-sp/hard/crt0.o (memset)
c:/st/stm32cubeide_1.3.0/stm32cubeide/plugins/com.st.stm32cube.ide.mcu.externaltools.gnu-tools-for-stm32.7-2018-q2-update.win32_1.4.0.202007081208/tools/bin/../lib/gcc/arm-none-eabi/7.3.1/thumb/v7e-m/fpv4-sp/hard\libgcc.a(_arm_addsubdf3.o)
                              Core/Src/Flight_Control.o (__aeabi_dsub)
c:/st/stm32cubeide_1.3.0/stm32cubeide/plugins/com.st.stm32cube.ide.mcu.externaltools.gnu-tools-for-stm32.7-2018-q2-update.win32_1.4.0.202007081208/tools/bin/../lib/gcc/arm-none-eabi/7.3.1/thumb/v7e-m/fpv4-sp/hard\libgcc.a(_arm_muldivdf3.o)
                              Core/Src/Flight_Control.o (__aeabi_dmul)
c:/st/stm32cubeide_1.3.0/stm32cubeide/plugins/com.st.stm32cube.ide.mcu.externaltools.gnu-tools-for-stm32.7-2018-q2-update.win32_1.4.0.202007081208/tools/bin/../lib/gcc/arm-none-eabi/7.3.1/thumb/v7e-m/fpv4-sp/hard\libgcc.a(_arm_truncdfsf2.o)
                              Core/Src/Flight_Control.o (__aeabi_d2f)

Allocating common symbols
Common symbol       size              file

gZ_Raw              0x2               Core/Src/main.o
pid_output_roll     0x4               Core/Src/Flight_Control.o
setup_error         0x1               Core/Src/main.o
pid_last_roll_d_error
                    0x4               Core/Src/Flight_Control.o
gyro_error          0x1               Core/Src/main.o
receiver_input_channel_3
                    0x4               Core/Src/ESC_Calibration.o
gyro_pitch          0x8               Core/Src/main.o
gyro_roll_cal       0x4               Core/Src/Setup_FC.o
low_channel_3       0x4               Core/Src/Setup_FC.o
center_channel_4    0x4               Core/Src/Setup_FC.o
hi2c1               0x4c              Core/Src/Flight_Control.o
PageError           0x4               Core/Src/Flash_RW.o
gyro_yaw_cal        0x4               Core/Src/Setup_FC.o
gyro_axis           0x20              Core/Src/Flight_Control.o
eeprom_data_test    0xc               Core/Src/Setup_FC.o
[...]
Memory Configuration

Name             Origin             Length             Attributes
CCMRAM           0x0000000010000000 0x0000000000002000 xrw
RAM              0x0000000020000000 0x000000000000a000 xrw
FLASH            0x0000000008000000 0x0000000000040000 xr
*default*        0x0000000000000000 0xffffffffffffffff

Linker script and memory map

LOAD c:/st/stm32cubeide_1.3.0/stm32cubeide/plugins/com.st.stm32cube.ide.mcu.externaltools.gnu-tools-for-stm32.7-2018-q2-update.win32_1.4.0.202007081208/tools/bin/../lib/gcc/arm-none-eabi/7.3.1/thumb/v7e-m/fpv4-sp/hard/crti.o
LOAD c:/st/stm32cubeide_1.3.0/stm32cubeide/plugins/com.st.stm32cube.ide.mcu.externaltools.gnu-tools-for-stm32.7-2018-q2-update.win32_1.4.0.202007081208/tools/bin/../lib/gcc/arm-none-eabi/7.3.1/thumb/v7e-m/fpv4-sp/hard/crtbegin.o
LOAD c:/st/stm32cubeide_1.3.0/stm32cubeide/plugins/com.st.stm32cube.ide.mcu.externaltools.gnu-tools-for-stm32.7-2018-q2-update.win32_1.4.0.202007081208/tools/bin/../lib/gcc/arm-none-eabi/7.3.1/../../../../arm-none-eabi/lib/thumb/v7e-m/fpv4-sp/hard/crt0.o
LOAD Core/Src/ESC_Calibration.o
LOAD Core/Src/Flash_RW.o
LOAD Core/Src/Flight_Control.o
LOAD Core/Src/L3GD20H.o
LOAD Core/Src/PWM_IC.o
LOAD Core/Src/PWM_Output.o
LOAD Core/Src/Setup_FC.o
LOAD Core/Src/main.o
LOAD Core/Src/stm32f3xx_hal_msp.o
LOAD Core/Src/stm32f3xx_it.o
LOAD Core/Src/syscalls.o
LOAD Core/Src/sysmem.o
LOAD Core/Src/system_stm32f3xx.o
LOAD Core/Startup/startup_stm32f303cctx.o
LOAD Drivers/STM32F3xx_HAL_Driver/Src/stm32f3xx_hal.o
LOAD Drivers/STM32F3xx_HAL_Driver/Src/stm32f3xx_hal_cortex.o
LOAD Drivers/STM32F3xx_HAL_Driver/Src/stm32f3xx_hal_dma.o
LOAD Drivers/STM32F3xx_HAL_Driver/Src/stm32f3xx_hal_exti.o
LOAD Drivers/STM32F3xx_HAL_Driver/Src/stm32f3xx_hal_flash.o
LOAD Drivers/STM32F3xx_HAL_Driver/Src/stm32f3xx_hal_flash_ex.o
LOAD Drivers/STM32F3xx_HAL_Driver/Src/stm32f3xx_hal_gpio.o
LOAD Drivers/STM32F3xx_HAL_Driver/Src/stm32f3xx_hal_i2c.o
LOAD Drivers/STM32F3xx_HAL_Driver/Src/stm32f3xx_hal_i2c_ex.o
LOAD Drivers/STM32F3xx_HAL_Driver/Src/stm32f3xx_hal_pwr.o
LOAD Drivers/STM32F3xx_HAL_Driver/Src/stm32f3xx_hal_pwr_ex.o
LOAD Drivers/STM32F3xx_HAL_Driver/Src/stm32f3xx_hal_rcc.o
LOAD Drivers/STM32F3xx_HAL_Driver/Src/stm32f3xx_hal_rcc_ex.o
LOAD Drivers/STM32F3xx_HAL_Driver/Src/stm32f3xx_hal_tim.o
LOAD Drivers/STM32F3xx_HAL_Driver/Src/stm32f3xx_hal_tim_ex.o
LOAD Drivers/STM32F3xx_HAL_Driver/Src/stm32f3xx_hal_uart.o
LOAD Drivers/STM32F3xx_HAL_Driver/Src/stm32f3xx_hal_uart_ex.o
START GROUP
LOAD c:/st/stm32cubeide_1.3.0/stm32cubeide/plugins/com.st.stm32cube.ide.mcu.externaltools.gnu-tools-for-stm32.7-2018-q2-update.win32_1.4.0.202007081208/tools/bin/../lib/gcc/arm-none-eabi/7.3.1/../../../../arm-none-eabi/lib/thumb/v7e-m/fpv4-sp/hard\libc_nano.a
LOAD c:/st/stm32cubeide_1.3.0/stm32cubeide/plugins/com.st.stm32cube.ide.mcu.externaltools.gnu-tools-for-stm32.7-2018-q2-update.win32_1.4.0.202007081208/tools/bin/../lib/gcc/arm-none-eabi/7.3.1/../../../../arm-none-eabi/lib/thumb/v7e-m/fpv4-sp/hard\libm.a
END GROUP
START GROUP
LOAD c:/st/stm32cubeide_1.3.0/stm32cubeide/plugins/com.st.stm32cube.ide.mcu.externaltools.gnu-tools-for-stm32.7-2018-q2-update.win32_1.4.0.202007081208/tools/bin/../lib/gcc/arm-none-eabi/7.3.1/thumb/v7e-m/fpv4-sp/hard\libgcc.a
LOAD c:/st/stm32cubeide_1.3.0/stm32cubeide/plugins/com.st.stm32cube.ide.mcu.externaltools.gnu-tools-for-stm32.7-2018-q2-update.win32_1.4.0.202007081208/tools/bin/../lib/gcc/arm-none-eabi/7.3.1/../../../../arm-none-eabi/lib/thumb/v7e-m/fpv4-sp/hard\libc_nano.a
END GROUP
START GROUP
LOAD c:/st/stm32cubeide_1.3.0/stm32cubeide/plugins/com.st.stm32cube.ide.mcu.externaltools.gnu-tools-for-stm32.7-2018-q2-update.win32_1.4.0.202007081208/tools/bin/../lib/gcc/arm-none-eabi/7.3.1/thumb/v7e-m/fpv4-sp/hard\libgcc.a
LOAD c:/st/stm32cubeide_1.3.0/stm32cubeide/plugins/com.st.stm32cube.ide.mcu.externaltools.gnu-tools-for-stm32.7-2018-q2-update.win32_1.4.0.202007081208/tools/bin/../lib/gcc/arm-none-eabi/7.3.1/../../../../arm-none-eabi/lib/thumb/v7e-m/fpv4-sp/hard\libc_nano.a
LOAD c:/st/stm32cubeide_1.3.0/stm32cubeide/plugins/com.st.stm32cube.ide.mcu.externaltools.gnu-tools-for-stm32.7-2018-q2-update.win32_1.4.0.202007081208/tools/bin/../lib/gcc/arm-none-eabi/7.3.1/../../../../arm-none-eabi/lib/thumb/v7e-m/fpv4-sp/hard\libnosys.a
END GROUP
START GROUP
LOAD c:/st/stm32cubeide_1.3.0/stm32cubeide/plugins/com.st.stm32cube.ide.mcu.externaltools.gnu-tools-for-stm32.7-2018-q2-update.win32_1.4.0.202007081208/tools/bin/../lib/gcc/arm-none-eabi/7.3.1/thumb/v7e-m/fpv4-sp/hard\libgcc.a
LOAD c:/st/stm32cubeide_1.3.0/stm32cubeide/plugins/com.st.stm32cube.ide.mcu.externaltools.gnu-tools-for-stm32.7-2018-q2-update.win32_1.4.0.202007081208/tools/bin/../lib/gcc/arm-none-eabi/7.3.1/../../../../arm-none-eabi/lib/thumb/v7e-m/fpv4-sp/hard\libc_nano.a
LOAD c:/st/stm32cubeide_1.3.0/stm32cubeide/plugins/com.st.stm32cube.ide.mcu.externaltools.gnu-tools-for-stm32.7-2018-q2-update.win32_1.4.0.202007081208/tools/bin/../lib/gcc/arm-none-eabi/7.3.1/../../../../arm-none-eabi/lib/thumb/v7e-m/fpv4-sp/hard\libnosys.a
END GROUP
LOAD c:/st/stm32cubeide_1.3.0/stm32cubeide/plugins/com.st.stm32cube.ide.mcu.externaltools.gnu-tools-for-stm32.7-2018-q2-update.win32_1.4.0.202007081208/tools/bin/../lib/gcc/arm-none-eabi/7.3.1/thumb/v7e-m/fpv4-sp/hard/crtend.o
LOAD c:/st/stm32cubeide_1.3.0/stm32cubeide/plugins/com.st.stm32cube.ide.mcu.externaltools.gnu-tools-for-stm32.7-2018-q2-update.win32_1.4.0.202007081208/tools/bin/../lib/gcc/arm-none-eabi/7.3.1/thumb/v7e-m/fpv4-sp/hard/crtn.o
                0x000000002000a000                _estack = (ORIGIN (RAM) + LENGTH (RAM))
                0x0000000000000200                _Min_Heap_Size = 0x200
                0x0000000000000400                _Min_Stack_Size = 0x400

.isr_vector     0x0000000008000000      0x188
                0x0000000008000000                . = ALIGN (0x4)
 *(.isr_vector)
 .isr_vector    0x0000000008000000      0x188 Core/Startup/startup_stm32f303cctx.o
                0x0000000008000000                g_pfnVectors
                0x0000000008000188                . = ALIGN (0x4)

.text           0x0000000008000188     0x90ac
                0x0000000008000188                . = ALIGN (0x4)
 *(.text)
 .text          0x0000000008000188       0x40 c:/st/stm32cubeide_1.3.0/stm32cubeide/plugins/com.st.stm32cube.ide.mcu.externaltools.gnu-tools-for-stm32.7-2018-q2-update.win32_1.4.0.202007081208/tools/bin/../lib/gcc/arm-none-eabi/7.3.1/thumb/v7e-m/fpv4-sp/hard/crtbegin.o
 .text          0x00000000080001c8      0x378 c:/st/stm32cubeide_1.3.0/stm32cubeide/plugins/com.st.stm32cube.ide.mcu.externaltools.gnu-tools-for-stm32.7-2018-q2-update.win32_1.4.0.202007081208/tools/bin/../lib/gcc/arm-none-eabi/7.3.1/thumb/v7e-m/fpv4-sp/hard\libgcc.a(_arm_addsubdf3.o)
                0x00000000080001c8                __aeabi_drsub
                0x00000000080001d0                __aeabi_dsub
                0x00000000080001d0                __subdf3
                0x00000000080001d4                __aeabi_dadd
                0x00000000080001d4                __adddf3
                0x000000000800044c                __floatunsidf
                0x000000000800044c                __aeabi_ui2d
                0x000000000800046c                __floatsidf
                0x000000000800046c                __aeabi_i2d
                0x0000000008000490                __aeabi_f2d
                0x0000000008000490                __extendsfdf2
                0x00000000080004d4                __floatundidf
                0x00000000080004d4                __aeabi_ul2d
                0x00000000080004e4                __floatdidf
                0x00000000080004e4                __aeabi_l2d
 .text          0x0000000008000540      0x424 c:/st/stm32cubeide_1.3.0/stm32cubeide/plugins/com.st.stm32cube.ide.mcu.externaltools.gnu-tools-for-stm32.7-2018-q2-update.win32_1.4.0.202007081208/tools/bin/../lib/gcc/arm-none-eabi/7.3.1/thumb/v7e-m/fpv4-sp/hard\libgcc.a(_arm_muldivdf3.o)
                0x0000000008000540                __aeabi_dmul
                0x0000000008000540                __muldf3
                0x0000000008000794                __divdf3
                0x0000000008000794                __aeabi_ddiv
 .text          0x0000000008000964       0xa0 c:/st/stm32cubeide_1.3.0/stm32cubeide/plugins/com.st.stm32cube.ide.mcu.externaltools.gnu-tools-for-stm32.7-2018-q2-update.win32_1.4.0.202007081208/tools/bin/../lib/gcc/arm-none-eabi/7.3.1/thumb/v7e-m/fpv4-sp/hard\libgcc.a(_arm_truncdfsf2.o)
                0x0000000008000964                __truncdfsf2
                0x0000000008000964                __aeabi_d2f
 *(.text*)
 .text.ESC_Calibration
                0x0000000008000a04       0x30 Core/Src/ESC_Calibration.o
                0x0000000008000a04                ESC_Calibration
 .text.Convert_Receiver_Channel
                0x0000000008000a34      0x134 Core/Src/ESC_Calibration.o
                0x0000000008000a34                Convert_Receiver_Channel
 .text.Flash_ErasePage
                0x0000000008000b68       0x1e Core/Src/Flash_RW.o
                0x0000000008000b68                Flash_ErasePage
 .text.Flash_EEPROM_Data_Write
                0x0000000008000b86       0x58 Core/Src/Flash_RW.o
                0x0000000008000b86                Flash_EEPROM_Data_Write
 .text.Flash_EEPROM_Data_Read
                0x0000000008000bde       0x30 Core/Src/Flash_RW.o
                0x0000000008000bde                Flash_EEPROM_Data_Read
 *fill*         0x0000000008000c0e        0x2 
 .text.Flight_Control_Setup
                0x0000000008000c10      0x128 Core/Src/Flight_Control.o
                0x0000000008000c10                Flight_Control_Setup
 .text.Flight_Gyro_Signalen
                0x0000000008000d38      0x170 Core/Src/Flight_Control.o
                0x0000000008000d38                Flight_Gyro_Signalen
 .text.Convert_Receiver_Channels
                0x0000000008000ea8      0x134 Core/Src/Flight_Control.o
                0x0000000008000ea8                Convert_Receiver_Channels
 .text.L3GD20H_Init
                0x0000000008000fdc      0x100 Core/Src/L3GD20H.o
                0x0000000008000fdc                L3GD20H_Init
 .text.L3GD20H_Read_Gyro_RAW_Outputs
                0x00000000080010dc      0x108 Core/Src/L3GD20H.o
                0x00000000080010dc                L3GD20H_Read_Gyro_RAW_Outputs
 .text.PWM_IC_Start
                0x00000000080011e4       0x14 Core/Src/PWM_IC.o
                0x00000000080011e4                PWM_IC_Start
 .text.HAL_TIM_IC_CaptureCallback
                0x00000000080011f8      0x348 Core/Src/PWM_IC.o
                0x00000000080011f8                HAL_TIM_IC_CaptureCallback
 .text.PWM_Output_Start
                0x0000000008001540       0x2c Core/Src/PWM_Output.o
                0x0000000008001540                PWM_Output_Start
 .text.PWM_Output_Idle
                0x000000000800156c       0x3c Core/Src/PWM_Output.o
                0x000000000800156c                PWM_Output_Idle
 .text.PWM_Output_ESC_Calibration
                0x00000000080015a8       0x38 Core/Src/PWM_Output.o
                0x00000000080015a8                PWM_Output_ESC_Calibration
 .text.Main_Setup
                0x00000000080015e0      0xb18 Core/Src/Setup_FC.o
                0x00000000080015e0                Main_Setup
 .text.Setup_Gyro_Signalen
                0x00000000080020f8       0xbc Core/Src/Setup_FC.o
                0x00000000080020f8                Setup_Gyro_Signalen
 *fill*         0x00000000080021b4        0x4 
 .text.Check_Gyro_Axes
                0x00000000080021b8      0x370 Core/Src/Setup_FC.o
                0x00000000080021b8                Check_Gyro_Axes
 .text.Register_Min_Max
                0x0000000008002528      0x20c Core/Src/Setup_FC.o
                0x0000000008002528                Register_Min_Max
 .text.Check_Receiver_Inputs
                0x0000000008002734      0x1b8 Core/Src/Setup_FC.o
                0x0000000008002734                Check_Receiver_Inputs
 .text.main     0x00000000080028ec      0x6a8 Core/Src/main.o
                0x00000000080028ec                main
 .text.SystemClock_Config
                0x0000000008002f94       0xbc Core/Src/main.o
                0x0000000008002f94                SystemClock_Config
 .text.MX_I2C1_Init
                0x0000000008003050       0x80 Core/Src/main.o
 .text.MX_TIM2_Init
                0x00000000080030d0       0xe8 Core/Src/main.o
 .text.MX_TIM3_Init
                0x00000000080031b8      0x134 Core/Src/main.o
 .text.MX_USART1_UART_Init
                0x00000000080032ec       0x60 Core/Src/main.o
 .text.MX_GPIO_Init
                0x000000000800334c       0xe8 Core/Src/main.o
 .text.Error_Handler
                0x0000000008003434        0xe Core/Src/main.o
                0x0000000008003434                Error_Handler
 *fill*         0x0000000008003442        0x2 
 .text.HAL_MspInit
                0x0000000008003444       0x48 Core/Src/stm32f3xx_hal_msp.o
                0x0000000008003444                HAL_MspInit
 .text.HAL_I2C_MspInit
                0x000000000800348c       0xb8 Core/Src/stm32f3xx_hal_msp.o
                0x000000000800348c                HAL_I2C_MspInit
 .text.HAL_TIM_IC_MspInit
                0x0000000008003544       0x90 Core/Src/stm32f3xx_hal_msp.o
                0x0000000008003544                HAL_TIM_IC_MspInit
 .text.HAL_TIM_Base_MspInit
                0x00000000080035d4       0x4c Core/Src/stm32f3xx_hal_msp.o
                0x00000000080035d4                HAL_TIM_Base_MspInit
 .text.HAL_TIM_MspPostInit
                0x0000000008003620       0xa8 Core/Src/stm32f3xx_hal_msp.o
                0x0000000008003620                HAL_TIM_MspPostInit
 .text.HAL_UART_MspInit
                0x00000000080036c8       0x98 Core/Src/stm32f3xx_hal_msp.o
                0x00000000080036c8                HAL_UART_MspInit
 .text.NMI_Handler
                0x0000000008003760        0xe Core/Src/stm32f3xx_it.o
                0x0000000008003760                NMI_Handler
 .text.HardFault_Handler
                0x000000000800376e        0x6 Core/Src/stm32f3xx_it.o
                0x000000000800376e                HardFault_Handler
 .text.MemManage_Handler
                0x0000000008003774        0x6 Core/Src/stm32f3xx_it.o
                0x0000000008003774                MemManage_Handler
 .text.BusFault_Handler
                0x000000000800377a        0x6 Core/Src/stm32f3xx_it.o
                0x000000000800377a                BusFault_Handler
 .text.UsageFault_Handler
                0x0000000008003780        0x6 Core/Src/stm32f3xx_it.o
                0x0000000008003780                UsageFault_Handler
 .text.SVC_Handler
                0x0000000008003786        0xe Core/Src/stm32f3xx_it.o
                0x0000000008003786                SVC_Handler
 .text.DebugMon_Handler
                0x0000000008003794        0xe Core/Src/stm32f3xx_it.o
                0x0000000008003794                DebugMon_Handler
 .text.PendSV_Handler
                0x00000000080037a2        0xe Core/Src/stm32f3xx_it.o
                0x00000000080037a2                PendSV_Handler
 .text.SysTick_Handler
                0x00000000080037b0        0xc Core/Src/stm32f3xx_it.o
                0x00000000080037b0                SysTick_Handler
 .text.TIM2_IRQHandler
                0x00000000080037bc       0x14 Core/Src/stm32f3xx_it.o
                0x00000000080037bc                TIM2_IRQHandler
 .text.TIM3_IRQHandler
                0x00000000080037d0       0x14 Core/Src/stm32f3xx_it.o
                0x00000000080037d0                TIM3_IRQHandler
 .text.I2C1_EV_IRQHandler
                0x00000000080037e4       0x14 Core/Src/stm32f3xx_it.o
                0x00000000080037e4                I2C1_EV_IRQHandler
 .text.I2C1_ER_IRQHandler
                0x00000000080037f8       0x14 Core/Src/stm32f3xx_it.o
                0x00000000080037f8                I2C1_ER_IRQHandler
 .text.USART1_IRQHandler
                0x000000000800380c       0x14 Core/Src/stm32f3xx_it.o
                0x000000000800380c                USART1_IRQHandler
 .text.SystemInit
                0x0000000008003820       0x2c Core/Src/system_stm32f3xx.o
                0x0000000008003820                SystemInit
 .text.Reset_Handler
                0x000000000800384c       0x50 Core/Startup/startup_stm32f303cctx.o
                0x000000000800384c                Reset_Handler
 .text.Default_Handler
                0x000000000800389c        0x2 Core/Startup/startup_stm32f303cctx.o
                0x000000000800389c                RTC_Alarm_IRQHandler
                0x000000000800389c                TIM8_TRG_COM_IRQHandler
                0x000000000800389c                TIM8_CC_IRQHandler
                0x000000000800389c                TIM1_CC_IRQHandler
                0x000000000800389c                USB_HP_IRQHandler
                0x000000000800389c                PVD_IRQHandler
                0x000000000800389c                TAMP_STAMP_IRQHandler
                0x000000000800389c                EXTI3_IRQHandler
                0x000000000800389c                USB_HP_CAN_TX_IRQHandler
                0x000000000800389c                EXTI0_IRQHandler
                0x000000000800389c                I2C2_EV_IRQHandler
                0x000000000800389c                FPU_IRQHandler
                0x000000000800389c                TIM1_UP_TIM16_IRQHandler
                0x000000000800389c                ADC1_2_IRQHandler
                0x000000000800389c                SPI1_IRQHandler
                0x000000000800389c                CAN_SCE_IRQHandler
                0x000000000800389c                TIM6_DAC_IRQHandler
                0x000000000800389c                TIM8_UP_IRQHandler
                0x000000000800389c                DMA2_Channel2_IRQHandler
                0x000000000800389c                DMA1_Channel4_IRQHandler
                0x000000000800389c                USART3_IRQHandler
                0x000000000800389c                DMA1_Channel7_IRQHandler
                0x000000000800389c                UART5_IRQHandler
                0x000000000800389c                ADC3_IRQHandler
                0x000000000800389c                TIM4_IRQHandler
                0x000000000800389c                CAN_RX1_IRQHandler
                0x000000000800389c                DMA2_Channel1_IRQHandler
                0x000000000800389c                DMA1_Channel6_IRQHandler
                0x000000000800389c                UART4_IRQHandler
                0x000000000800389c                DMA2_Channel4_IRQHandler
                0x000000000800389c                RCC_IRQHandler
                0x000000000800389c                DMA1_Channel1_IRQHandler
                0x000000000800389c                Default_Handler
                0x000000000800389c                USBWakeUp_RMP_IRQHandler
                0x000000000800389c                EXTI15_10_IRQHandler
                0x000000000800389c                TIM7_IRQHandler
                0x000000000800389c                EXTI9_5_IRQHandler
                0x000000000800389c                RTC_WKUP_IRQHandler
                0x000000000800389c                SPI2_IRQHandler
                0x000000000800389c                USB_LP_CAN_RX0_IRQHandler
                0x000000000800389c                DMA2_Channel5_IRQHandler
                0x000000000800389c                DMA1_Channel5_IRQHandler
                0x000000000800389c                USB_LP_IRQHandler
                0x000000000800389c                EXTI4_IRQHandler
                0x000000000800389c                TIM1_TRG_COM_TIM17_IRQHandler
                0x000000000800389c                DMA1_Channel3_IRQHandler
                0x000000000800389c                ADC4_IRQHandler
                0x000000000800389c                WWDG_IRQHandler
                0x000000000800389c                COMP7_IRQHandler
                0x000000000800389c                COMP1_2_3_IRQHandler
                0x000000000800389c                EXTI1_IRQHandler
                0x000000000800389c                USART2_IRQHandler
                0x000000000800389c                COMP4_5_6_IRQHandler
                0x000000000800389c                I2C2_ER_IRQHandler
                0x000000000800389c                DMA1_Channel2_IRQHandler
                0x000000000800389c                TIM8_BRK_IRQHandler
                0x000000000800389c                FLASH_IRQHandler
                0x000000000800389c                SPI3_IRQHandler
                0x000000000800389c                USBWakeUp_IRQHandler
                0x000000000800389c                DMA2_Channel3_IRQHandler
                0x000000000800389c                EXTI2_TSC_IRQHandler
                0x000000000800389c                TIM1_BRK_TIM15_IRQHandler
 *fill*         0x000000000800389e        0x2 
 .text.HAL_Init
                0x00000000080038a0       0x2c Drivers/STM32F3xx_HAL_Driver/Src/stm32f3xx_hal.o
                0x00000000080038a0                HAL_Init
 .text.HAL_InitTick
                0x00000000080038cc       0x60 Drivers/STM32F3xx_HAL_Driver/Src/stm32f3xx_hal.o
                0x00000000080038cc                HAL_InitTick
 .text.HAL_IncTick
                0x000000000800392c       0x28 Drivers/STM32F3xx_HAL_Driver/Src/stm32f3xx_hal.o
                0x000000000800392c                HAL_IncTick
 .text.HAL_GetTick
                0x0000000008003954       0x18 Drivers/STM32F3xx_HAL_Driver/Src/stm32f3xx_hal.o
                0x0000000008003954                HAL_GetTick
 .text.HAL_Delay
                0x000000000800396c       0x44 Drivers/STM32F3xx_HAL_Driver/Src/stm32f3xx_hal.o
                0x000000000800396c                HAL_Delay
 .text.__NVIC_SetPriorityGrouping
                0x00000000080039b0       0x48 Drivers/STM32F3xx_HAL_Driver/Src/stm32f3xx_hal_cortex.o
 .text.__NVIC_GetPriorityGrouping
                0x00000000080039f8       0x1c Drivers/STM32F3xx_HAL_Driver/Src/stm32f3xx_hal_cortex.o
 .text.__NVIC_EnableIRQ
                0x0000000008003a14       0x3c Drivers/STM32F3xx_HAL_Driver/Src/stm32f3xx_hal_cortex.o
 .text.__NVIC_SetPriority
                0x0000000008003a50       0x54 Drivers/STM32F3xx_HAL_Driver/Src/stm32f3xx_hal_cortex.o
 .text.NVIC_EncodePriority
                0x0000000008003aa4       0x66 Drivers/STM32F3xx_HAL_Driver/Src/stm32f3xx_hal_cortex.o
 *fill*         0x0000000008003b0a        0x2 
 .text.SysTick_Config
                0x0000000008003b0c       0x44 Drivers/STM32F3xx_HAL_Driver/Src/stm32f3xx_hal_cortex.o
 .text.HAL_NVIC_SetPriorityGrouping
                0x0000000008003b50       0x16 Drivers/STM32F3xx_HAL_Driver/Src/stm32f3xx_hal_cortex.o
                0x0000000008003b50                HAL_NVIC_SetPriorityGrouping
 .text.HAL_NVIC_SetPriority
                0x0000000008003b66       0x38 Drivers/STM32F3xx_HAL_Driver/Src/stm32f3xx_hal_cortex.o
                0x0000000008003b66                HAL_NVIC_SetPriority
 .text.HAL_NVIC_EnableIRQ
                0x0000000008003b9e       0x1c Drivers/STM32F3xx_HAL_Driver/Src/stm32f3xx_hal_cortex.o
                0x0000000008003b9e                HAL_NVIC_EnableIRQ
 .text.HAL_SYSTICK_Config
                0x0000000008003bba       0x18 Drivers/STM32F3xx_HAL_Driver/Src/stm32f3xx_hal_cortex.o
                0x0000000008003bba                HAL_SYSTICK_Config
 .text.HAL_DMA_Abort_IT
                0x0000000008003bd2       0x7c Drivers/STM32F3xx_HAL_Driver/Src/stm32f3xx_hal_dma.o
                0x0000000008003bd2                HAL_DMA_Abort_IT
 .text.HAL_DMA_GetState
                0x0000000008003c4e       0x1a Drivers/STM32F3xx_HAL_Driver/Src/stm32f3xx_hal_dma.o
                0x0000000008003c4e                HAL_DMA_GetState
 .text.HAL_FLASH_Program
                0x0000000008003c68       0xe0 Drivers/STM32F3xx_HAL_Driver/Src/stm32f3xx_hal_flash.o
                0x0000000008003c68                HAL_FLASH_Program
 .text.HAL_FLASH_Unlock
                0x0000000008003d48       0x4c Drivers/STM32F3xx_HAL_Driver/Src/stm32f3xx_hal_flash.o
                0x0000000008003d48                HAL_FLASH_Unlock
 .text.HAL_FLASH_Lock
                0x0000000008003d94       0x20 Drivers/STM32F3xx_HAL_Driver/Src/stm32f3xx_hal_flash.o
                0x0000000008003d94                HAL_FLASH_Lock
 .text.FLASH_Program_HalfWord
                0x0000000008003db4       0x38 Drivers/STM32F3xx_HAL_Driver/Src/stm32f3xx_hal_flash.o
 .text.FLASH_WaitForLastOperation
                0x0000000008003dec       0x80 Drivers/STM32F3xx_HAL_Driver/Src/stm32f3xx_hal_flash.o
                0x0000000008003dec                FLASH_WaitForLastOperation
 .text.FLASH_SetErrorCode
                0x0000000008003e6c       0x64 Drivers/STM32F3xx_HAL_Driver/Src/stm32f3xx_hal_flash.o
 .text.FLASH_PageErase
                0x0000000008003ed0       0x40 Drivers/STM32F3xx_HAL_Driver/Src/stm32f3xx_hal_flash_ex.o
                0x0000000008003ed0                FLASH_PageErase
 .text.HAL_GPIO_Init
                0x0000000008003f10      0x2f4 Drivers/STM32F3xx_HAL_Driver/Src/stm32f3xx_hal_gpio.o
                0x0000000008003f10                HAL_GPIO_Init
 .text.HAL_GPIO_ReadPin
                0x0000000008004204       0x30 Drivers/STM32F3xx_HAL_Driver/Src/stm32f3xx_hal_gpio.o
                0x0000000008004204                HAL_GPIO_ReadPin
 .text.HAL_GPIO_WritePin
                0x0000000008004234       0x30 Drivers/STM32F3xx_HAL_Driver/Src/stm32f3xx_hal_gpio.o
                0x0000000008004234                HAL_GPIO_WritePin
 .text.HAL_I2C_Init
                0x0000000008004264      0x11e Drivers/STM32F3xx_HAL_Driver/Src/stm32f3xx_hal_i2c.o
                0x0000000008004264                HAL_I2C_Init
 *fill*         0x0000000008004382        0x2 
 .text.HAL_I2C_Mem_Write
                0x0000000008004384      0x228 Drivers/STM32F3xx_HAL_Driver/Src/stm32f3xx_hal_i2c.o
                0x0000000008004384                HAL_I2C_Mem_Write
 .text.HAL_I2C_Mem_Read
                0x00000000080045ac      0x234 Drivers/STM32F3xx_HAL_Driver/Src/stm32f3xx_hal_i2c.o
                0x00000000080045ac                HAL_I2C_Mem_Read
 .text.HAL_I2C_EV_IRQHandler
                0x00000000080047e0       0x34 Drivers/STM32F3xx_HAL_Driver/Src/stm32f3xx_hal_i2c.o
                0x00000000080047e0                HAL_I2C_EV_IRQHandler
 .text.HAL_I2C_ER_IRQHandler
                0x0000000008004814       0xc2 Drivers/STM32F3xx_HAL_Driver/Src/stm32f3xx_hal_i2c.o
                0x0000000008004814                HAL_I2C_ER_IRQHandler
 .text.HAL_I2C_SlaveTxCpltCallback
                0x00000000080048d6       0x14 Drivers/STM32F3xx_HAL_Driver/Src/stm32f3xx_hal_i2c.o
                0x00000000080048d6                HAL_I2C_SlaveTxCpltCallback
 .text.HAL_I2C_SlaveRxCpltCallback
                0x00000000080048ea       0x14 Drivers/STM32F3xx_HAL_Driver/Src/stm32f3xx_hal_i2c.o
                0x00000000080048ea                HAL_I2C_SlaveRxCpltCallback
 .text.HAL_I2C_AddrCallback
                0x00000000080048fe       0x1c Drivers/STM32F3xx_HAL_Driver/Src/stm32f3xx_hal_i2c.o
                0x00000000080048fe                HAL_I2C_AddrCallback
 .text.HAL_I2C_ListenCpltCallback
                0x000000000800491a       0x14 Drivers/STM32F3xx_HAL_Driver/Src/stm32f3xx_hal_i2c.o
                0x000000000800491a                HAL_I2C_ListenCpltCallback
 .text.HAL_I2C_ErrorCallback
                0x000000000800492e       0x14 Drivers/STM32F3xx_HAL_Driver/Src/stm32f3xx_hal_i2c.o
                0x000000000800492e                HAL_I2C_ErrorCallback
 .text.HAL_I2C_AbortCpltCallback
                0x0000000008004942       0x14 Drivers/STM32F3xx_HAL_Driver/Src/stm32f3xx_hal_i2c.o
                0x0000000008004942                HAL_I2C_AbortCpltCallback
 .text.I2C_Slave_ISR_IT
                0x0000000008004956      0x206 Drivers/STM32F3xx_HAL_Driver/Src/stm32f3xx_hal_i2c.o
 .text.I2C_RequestMemoryWrite
                0x0000000008004b5c       0xa8 Drivers/STM32F3xx_HAL_Driver/Src/stm32f3xx_hal_i2c.o
 .text.I2C_RequestMemoryRead
                0x0000000008004c04       0xa8 Drivers/STM32F3xx_HAL_Driver/Src/stm32f3xx_hal_i2c.o
 .text.I2C_ITAddrCplt
                0x0000000008004cac      0x108 Drivers/STM32F3xx_HAL_Driver/Src/stm32f3xx_hal_i2c.o
 .text.I2C_ITSlaveSeqCplt
                0x0000000008004db4       0xbc Drivers/STM32F3xx_HAL_Driver/Src/stm32f3xx_hal_i2c.o
 .text.I2C_ITSlaveCplt
                0x0000000008004e70      0x214 Drivers/STM32F3xx_HAL_Driver/Src/stm32f3xx_hal_i2c.o
 .text.I2C_ITListenCplt
                0x0000000008005084       0xac Drivers/STM32F3xx_HAL_Driver/Src/stm32f3xx_hal_i2c.o
 .text.I2C_ITError
                0x0000000008005130      0x1a0 Drivers/STM32F3xx_HAL_Driver/Src/stm32f3xx_hal_i2c.o
 .text.I2C_TreatErrorCallback
                0x00000000080052d0       0x4e Drivers/STM32F3xx_HAL_Driver/Src/stm32f3xx_hal_i2c.o
 .text.I2C_Flush_TXDR
                0x000000000800531e       0x48 Drivers/STM32F3xx_HAL_Driver/Src/stm32f3xx_hal_i2c.o
 .text.I2C_DMAAbort
                0x0000000008005366       0x3c Drivers/STM32F3xx_HAL_Driver/Src/stm32f3xx_hal_i2c.o
 .text.I2C_WaitOnFlagUntilTimeout
                0x00000000080053a2       0x80 Drivers/STM32F3xx_HAL_Driver/Src/stm32f3xx_hal_i2c.o
 .text.I2C_WaitOnTXISFlagUntilTimeout
                0x0000000008005422       0x80 Drivers/STM32F3xx_HAL_Driver/Src/stm32f3xx_hal_i2c.o
 .text.I2C_WaitOnSTOPFlagUntilTimeout
                0x00000000080054a2       0x78 Drivers/STM32F3xx_HAL_Driver/Src/stm32f3xx_hal_i2c.o
 *fill*         0x000000000800551a        0x2 
 .text.I2C_IsAcknowledgeFailed
                0x000000000800551c       0xcc Drivers/STM32F3xx_HAL_Driver/Src/stm32f3xx_hal_i2c.o
 .text.I2C_TransferConfig
                0x00000000080055e8       0x5c Drivers/STM32F3xx_HAL_Driver/Src/stm32f3xx_hal_i2c.o
 .text.I2C_Disable_IRQ
                0x0000000008005644       0xbc Drivers/STM32F3xx_HAL_Driver/Src/stm32f3xx_hal_i2c.o
 .text.HAL_I2CEx_ConfigAnalogFilter
                0x0000000008005700       0x96 Drivers/STM32F3xx_HAL_Driver/Src/stm32f3xx_hal_i2c_ex.o
                0x0000000008005700                HAL_I2CEx_ConfigAnalogFilter
 .text.HAL_I2CEx_ConfigDigitalFilter
                0x0000000008005796       0x98 Drivers/STM32F3xx_HAL_Driver/Src/stm32f3xx_hal_i2c_ex.o
                0x0000000008005796                HAL_I2CEx_ConfigDigitalFilter
 *fill*         0x000000000800582e        0x2 
 .text.HAL_I2CEx_EnableFastModePlus
                0x0000000008005830       0x40 Drivers/STM32F3xx_HAL_Driver/Src/stm32f3xx_hal_i2c_ex.o
                0x0000000008005830                HAL_I2CEx_EnableFastModePlus
 .text.HAL_RCC_OscConfig
                0x0000000008005870      0xe10 Drivers/STM32F3xx_HAL_Driver/Src/stm32f3xx_hal_rcc.o
                0x0000000008005870                HAL_RCC_OscConfig
 .text.HAL_RCC_ClockConfig
                0x0000000008006680      0x2f8 Drivers/STM32F3xx_HAL_Driver/Src/stm32f3xx_hal_rcc.o
                0x0000000008006680                HAL_RCC_ClockConfig
 .text.HAL_RCC_GetSysClockFreq
                0x0000000008006978       0xd4 Drivers/STM32F3xx_HAL_Driver/Src/stm32f3xx_hal_rcc.o
                0x0000000008006978                HAL_RCC_GetSysClockFreq
 .text.HAL_RCC_GetHCLKFreq
                0x0000000008006a4c       0x18 Drivers/STM32F3xx_HAL_Driver/Src/stm32f3xx_hal_rcc.o
                0x0000000008006a4c                HAL_RCC_GetHCLKFreq
 .text.HAL_RCC_GetPCLK1Freq
                0x0000000008006a64       0x44 Drivers/STM32F3xx_HAL_Driver/Src/stm32f3xx_hal_rcc.o
                0x0000000008006a64                HAL_RCC_GetPCLK1Freq
 .text.HAL_RCC_GetPCLK2Freq
                0x0000000008006aa8       0x44 Drivers/STM32F3xx_HAL_Driver/Src/stm32f3xx_hal_rcc.o
                0x0000000008006aa8                HAL_RCC_GetPCLK2Freq
 .text.HAL_RCCEx_PeriphCLKConfig
                0x0000000008006aec      0x360 Drivers/STM32F3xx_HAL_Driver/Src/stm32f3xx_hal_rcc_ex.o
                0x0000000008006aec                HAL_RCCEx_PeriphCLKConfig
 .text.HAL_TIM_Base_Init
                0x0000000008006e4c       0x56 Drivers/STM32F3xx_HAL_Driver/Src/stm32f3xx_hal_tim.o
                0x0000000008006e4c                HAL_TIM_Base_Init
 .text.HAL_TIM_PWM_Init
                0x0000000008006ea2       0x56 Drivers/STM32F3xx_HAL_Driver/Src/stm32f3xx_hal_tim.o
                0x0000000008006ea2                HAL_TIM_PWM_Init
 .text.HAL_TIM_PWM_MspInit
                0x0000000008006ef8       0x14 Drivers/STM32F3xx_HAL_Driver/Src/stm32f3xx_hal_tim.o
                0x0000000008006ef8                HAL_TIM_PWM_MspInit
 .text.HAL_TIM_PWM_Start
                0x0000000008006f0c       0xb0 Drivers/STM32F3xx_HAL_Driver/Src/stm32f3xx_hal_tim.o
                0x0000000008006f0c                HAL_TIM_PWM_Start
 .text.HAL_TIM_IC_Init
                0x0000000008006fbc       0x56 Drivers/STM32F3xx_HAL_Driver/Src/stm32f3xx_hal_tim.o
                0x0000000008006fbc                HAL_TIM_IC_Init
 *fill*         0x0000000008007012        0x2 
 .text.HAL_TIM_IC_Start_IT
                0x0000000008007014       0xdc Drivers/STM32F3xx_HAL_Driver/Src/stm32f3xx_hal_tim.o
                0x0000000008007014                HAL_TIM_IC_Start_IT
 .text.HAL_TIM_IC_Stop_IT
                0x00000000080070f0       0xe0 Drivers/STM32F3xx_HAL_Driver/Src/stm32f3xx_hal_tim.o
                0x00000000080070f0                HAL_TIM_IC_Stop_IT
 .text.HAL_TIM_IRQHandler
                0x00000000080071d0      0x23e Drivers/STM32F3xx_HAL_Driver/Src/stm32f3xx_hal_tim.o
                0x00000000080071d0                HAL_TIM_IRQHandler
 .text.HAL_TIM_IC_ConfigChannel
                0x000000000800740e      0x138 Drivers/STM32F3xx_HAL_Driver/Src/stm32f3xx_hal_tim.o
                0x000000000800740e                HAL_TIM_IC_ConfigChannel
 *fill*         0x0000000008007546        0x2 
 .text.HAL_TIM_PWM_ConfigChannel
                0x0000000008007548      0x230 Drivers/STM32F3xx_HAL_Driver/Src/stm32f3xx_hal_tim.o
                0x0000000008007548                HAL_TIM_PWM_ConfigChannel
 .text.HAL_TIM_ConfigClockSource
                0x0000000008007778      0x172 Drivers/STM32F3xx_HAL_Driver/Src/stm32f3xx_hal_tim.o
                0x0000000008007778                HAL_TIM_ConfigClockSource
 *fill*         0x00000000080078ea        0x2 
 .text.HAL_TIM_ReadCapturedValue
                0x00000000080078ec       0x88 Drivers/STM32F3xx_HAL_Driver/Src/stm32f3xx_hal_tim.o
                0x00000000080078ec                HAL_TIM_ReadCapturedValue
 .text.HAL_TIM_PeriodElapsedCallback
                0x0000000008007974       0x14 Drivers/STM32F3xx_HAL_Driver/Src/stm32f3xx_hal_tim.o
                0x0000000008007974                HAL_TIM_PeriodElapsedCallback
 .text.HAL_TIM_OC_DelayElapsedCallback
                0x0000000008007988       0x14 Drivers/STM32F3xx_HAL_Driver/Src/stm32f3xx_hal_tim.o
                0x0000000008007988                HAL_TIM_OC_DelayElapsedCallback
 .text.HAL_TIM_PWM_PulseFinishedCallback
                0x000000000800799c       0x14 Drivers/STM32F3xx_HAL_Driver/Src/stm32f3xx_hal_tim.o
                0x000000000800799c                HAL_TIM_PWM_PulseFinishedCallback
 .text.HAL_TIM_TriggerCallback
                0x00000000080079b0       0x14 Drivers/STM32F3xx_HAL_Driver/Src/stm32f3xx_hal_tim.o
                0x00000000080079b0                HAL_TIM_TriggerCallback
 .text.TIM_Base_SetConfig
                0x00000000080079c4      0x120 Drivers/STM32F3xx_HAL_Driver/Src/stm32f3xx_hal_tim.o
                0x00000000080079c4                TIM_Base_SetConfig
 .text.TIM_OC1_SetConfig
                0x0000000008007ae4      0x120 Drivers/STM32F3xx_HAL_Driver/Src/stm32f3xx_hal_tim.o
 .text.TIM_OC2_SetConfig
                0x0000000008007c04      0x114 Drivers/STM32F3xx_HAL_Driver/Src/stm32f3xx_hal_tim.o
                0x0000000008007c04                TIM_OC2_SetConfig
 .text.TIM_OC3_SetConfig
                0x0000000008007d18      0x110 Drivers/STM32F3xx_HAL_Driver/Src/stm32f3xx_hal_tim.o
 .text.TIM_OC4_SetConfig
                0x0000000008007e28       0xd4 Drivers/STM32F3xx_HAL_Driver/Src/stm32f3xx_hal_tim.o
 .text.TIM_OC5_SetConfig
                0x0000000008007efc       0xc8 Drivers/STM32F3xx_HAL_Driver/Src/stm32f3xx_hal_tim.o
 .text.TIM_OC6_SetConfig
                0x0000000008007fc4       0xcc Drivers/STM32F3xx_HAL_Driver/Src/stm32f3xx_hal_tim.o
 .text.TIM_TI1_SetConfig
                0x0000000008008090       0xd0 Drivers/STM32F3xx_HAL_Driver/Src/stm32f3xx_hal_tim.o
                0x0000000008008090                TIM_TI1_SetConfig
 .text.TIM_TI1_ConfigInputStage
                0x0000000008008160       0x5e Drivers/STM32F3xx_HAL_Driver/Src/stm32f3xx_hal_tim.o
 .text.TIM_TI2_SetConfig
                0x00000000080081be       0x7a Drivers/STM32F3xx_HAL_Driver/Src/stm32f3xx_hal_tim.o
 .text.TIM_TI2_ConfigInputStage
                0x0000000008008238       0x60 Drivers/STM32F3xx_HAL_Driver/Src/stm32f3xx_hal_tim.o
 .text.TIM_TI3_SetConfig
                0x0000000008008298       0x78 Drivers/STM32F3xx_HAL_Driver/Src/stm32f3xx_hal_tim.o
 .text.TIM_TI4_SetConfig
                0x0000000008008310       0x7a Drivers/STM32F3xx_HAL_Driver/Src/stm32f3xx_hal_tim.o
 .text.TIM_ITRx_SetConfig
                0x000000000800838a       0x36 Drivers/STM32F3xx_HAL_Driver/Src/stm32f3xx_hal_tim.o
 .text.TIM_ETR_SetConfig
                0x00000000080083c0       0x40 Drivers/STM32F3xx_HAL_Driver/Src/stm32f3xx_hal_tim.o
                0x00000000080083c0                TIM_ETR_SetConfig
 .text.TIM_CCxChannelCmd
                0x0000000008008400       0x4a Drivers/STM32F3xx_HAL_Driver/Src/stm32f3xx_hal_tim.o
                0x0000000008008400                TIM_CCxChannelCmd
 *fill*         0x000000000800844a        0x2 
 .text.HAL_TIMEx_MasterConfigSynchronization
                0x000000000800844c      0x100 Drivers/STM32F3xx_HAL_Driver/Src/stm32f3xx_hal_tim_ex.o
                0x000000000800844c                HAL_TIMEx_MasterConfigSynchronization
 .text.HAL_TIMEx_CommutCallback
                0x000000000800854c       0x14 Drivers/STM32F3xx_HAL_Driver/Src/stm32f3xx_hal_tim_ex.o
                0x000000000800854c                HAL_TIMEx_CommutCallback
 .text.HAL_TIMEx_BreakCallback
                0x0000000008008560       0x14 Drivers/STM32F3xx_HAL_Driver/Src/stm32f3xx_hal_tim_ex.o
                0x0000000008008560                HAL_TIMEx_BreakCallback
 .text.HAL_TIMEx_Break2Callback
                0x0000000008008574       0x14 Drivers/STM32F3xx_HAL_Driver/Src/stm32f3xx_hal_tim_ex.o
                0x0000000008008574                HAL_TIMEx_Break2Callback
 .text.HAL_UART_Init
                0x0000000008008588       0x9c Drivers/STM32F3xx_HAL_Driver/Src/stm32f3xx_hal_uart.o
                0x0000000008008588                HAL_UART_Init
 .text.HAL_UART_Transmit
                0x0000000008008624      0x126 Drivers/STM32F3xx_HAL_Driver/Src/stm32f3xx_hal_uart.o
                0x0000000008008624                HAL_UART_Transmit
 *fill*         0x000000000800874a        0x2 
 .text.HAL_UART_IRQHandler
                0x000000000800874c      0x28c Drivers/STM32F3xx_HAL_Driver/Src/stm32f3xx_hal_uart.o
                0x000000000800874c                HAL_UART_IRQHandler
 .text.HAL_UART_TxCpltCallback
                0x00000000080089d8       0x14 Drivers/STM32F3xx_HAL_Driver/Src/stm32f3xx_hal_uart.o
                0x00000000080089d8                HAL_UART_TxCpltCallback
 .text.HAL_UART_ErrorCallback
                0x00000000080089ec       0x14 Drivers/STM32F3xx_HAL_Driver/Src/stm32f3xx_hal_uart.o
                0x00000000080089ec                HAL_UART_ErrorCallback
 .text.UART_SetConfig
                0x0000000008008a00      0x434 Drivers/STM32F3xx_HAL_Driver/Src/stm32f3xx_hal_uart.o
                0x0000000008008a00                UART_SetConfig
 .text.UART_AdvFeatureConfig
                0x0000000008008e34      0x144 Drivers/STM32F3xx_HAL_Driver/Src/stm32f3xx_hal_uart.o
                0x0000000008008e34                UART_AdvFeatureConfig
 .text.UART_CheckIdleState
                0x0000000008008f78       0x8a Drivers/STM32F3xx_HAL_Driver/Src/stm32f3xx_hal_uart.o
                0x0000000008008f78                UART_CheckIdleState
 .text.UART_WaitOnFlagUntilTimeout
                0x0000000008009002       0xf6 Drivers/STM32F3xx_HAL_Driver/Src/stm32f3xx_hal_uart.o
                0x0000000008009002                UART_WaitOnFlagUntilTimeout
 .text.UART_EndRxTransfer
                0x00000000080090f8       0x40 Drivers/STM32F3xx_HAL_Driver/Src/stm32f3xx_hal_uart.o
 .text.UART_DMAAbortOnError
                0x0000000008009138       0x2c Drivers/STM32F3xx_HAL_Driver/Src/stm32f3xx_hal_uart.o
 .text.UART_EndTransmit_IT
                0x0000000008009164       0x32 Drivers/STM32F3xx_HAL_Driver/Src/stm32f3xx_hal_uart.o
 .text.HAL_UARTEx_WakeupCallback
                0x0000000008009196       0x14 Drivers/STM32F3xx_HAL_Driver/Src/stm32f3xx_hal_uart_ex.o
                0x0000000008009196                HAL_UARTEx_WakeupCallback
 *fill*         0x00000000080091aa        0x2 
 .text.__libc_init_array
                0x00000000080091ac       0x48 c:/st/stm32cubeide_1.3.0/stm32cubeide/plugins/com.st.stm32cube.ide.mcu.externaltools.gnu-tools-for-stm32.7-2018-q2-update.win32_1.4.0.202007081208/tools/bin/../lib/gcc/arm-none-eabi/7.3.1/../../../../arm-none-eabi/lib/thumb/v7e-m/fpv4-sp/hard\libc_nano.a(lib_a-init.o)
                0x00000000080091ac                __libc_init_array
 .text.memcpy   0x00000000080091f4       0x16 c:/st/stm32cubeide_1.3.0/stm32cubeide/plugins/com.st.stm32cube.ide.mcu.externaltools.gnu-tools-for-stm32.7-2018-q2-update.win32_1.4.0.202007081208/tools/bin/../lib/gcc/arm-none-eabi/7.3.1/../../../../arm-none-eabi/lib/thumb/v7e-m/fpv4-sp/hard\libc_nano.a(lib_a-memcpy-stub.o)
                0x00000000080091f4                memcpy
 .text.memset   0x000000000800920a       0x10 c:/st/stm32cubeide_1.3.0/stm32cubeide/plugins/com.st.stm32cube.ide.mcu.externaltools.gnu-tools-for-stm32.7-2018-q2-update.win32_1.4.0.202007081208/tools/bin/../lib/gcc/arm-none-eabi/7.3.1/../../../../arm-none-eabi/lib/thumb/v7e-m/fpv4-sp/hard\libc_nano.a(lib_a-memset.o)
                0x000000000800920a                memset
 *(.glue_7)
 .glue_7        0x000000000800921a        0x0 linker stubs
 *(.glue_7t)
 .glue_7t       0x000000000800921a        0x0 linker stubs
 *(.eh_frame)
 *fill*         0x000000000800921a        0x2 
 .eh_frame      0x000000000800921c        0x0 c:/st/stm32cubeide_1.3.0/stm32cubeide/plugins/com.st.stm32cube.ide.mcu.externaltools.gnu-tools-for-stm32.7-2018-q2-update.win32_1.4.0.202007081208/tools/bin/../lib/gcc/arm-none-eabi/7.3.1/thumb/v7e-m/fpv4-sp/hard/crtbegin.o
 *(.init)
 .init          0x000000000800921c        0x4 c:/st/stm32cubeide_1.3.0/stm32cubeide/plugins/com.st.stm32cube.ide.mcu.externaltools.gnu-tools-for-stm32.7-2018-q2-update.win32_1.4.0.202007081208/tools/bin/../lib/gcc/arm-none-eabi/7.3.1/thumb/v7e-m/fpv4-sp/hard/crti.o
                0x000000000800921c                _init
 .init          0x0000000008009220        0x8 c:/st/stm32cubeide_1.3.0/stm32cubeide/plugins/com.st.stm32cube.ide.mcu.externaltools.gnu-tools-for-stm32.7-2018-q2-update.win32_1.4.0.202007081208/tools/bin/../lib/gcc/arm-none-eabi/7.3.1/thumb/v7e-m/fpv4-sp/hard/crtn.o
 *(.fini)
 .fini          0x0000000008009228        0x4 c:/st/stm32cubeide_1.3.0/stm32cubeide/plugins/com.st.stm32cube.ide.mcu.externaltools.gnu-tools-for-stm32.7-2018-q2-update.win32_1.4.0.202007081208/tools/bin/../lib/gcc/arm-none-eabi/7.3.1/thumb/v7e-m/fpv4-sp/hard/crti.o
                0x0000000008009228                _fini
 .fini          0x000000000800922c        0x8 c:/st/stm32cubeide_1.3.0/stm32cubeide/plugins/com.st.stm32cube.ide.mcu.externaltools.gnu-tools-for-stm32.7-2018-q2-update.win32_1.4.0.202007081208/tools/bin/../lib/gcc/arm-none-eabi/7.3.1/thumb/v7e-m/fpv4-sp/hard/crtn.o
                0x0000000008009234                . = ALIGN (0x4)
                0x0000000008009234                _etext = .

.vfp11_veneer   0x0000000008009234        0x0
 .vfp11_veneer  0x0000000008009234        0x0 linker stubs

.v4_bx          0x0000000008009234        0x0
 .v4_bx         0x0000000008009234        0x0 linker stubs

.iplt           0x0000000008009234        0x0
 .iplt          0x0000000008009234        0x0 c:/st/stm32cubeide_1.3.0/stm32cubeide/plugins/com.st.stm32cube.ide.mcu.externaltools.gnu-tools-for-stm32.7-2018-q2-update.win32_1.4.0.202007081208/tools/bin/../lib/gcc/arm-none-eabi/7.3.1/thumb/v7e-m/fpv4-sp/hard/crtbegin.o

.rodata         0x0000000008009234      0x69c
                0x0000000008009234                . = ALIGN (0x4)
 *(.rodata)
 .rodata        0x0000000008009234       0xa0 Core/Src/L3GD20H.o
 .rodata        0x00000000080092d4      0x45e Core/Src/Setup_FC.o
 *fill*         0x0000000008009732        0x2 
 .rodata        0x0000000008009734      0x163 Core/Src/main.o
 *(.rodata*)
 *fill*         0x0000000008009897        0x1 
 .rodata.AHBPrescTable
                0x0000000008009898       0x10 Core/Src/system_stm32f3xx.o
                0x0000000008009898                AHBPrescTable
 .rodata.APBPrescTable
                0x00000000080098a8        0x8 Core/Src/system_stm32f3xx.o
                0x00000000080098a8                APBPrescTable
 .rodata.aPLLMULFactorTable
                0x00000000080098b0       0x10 Drivers/STM32F3xx_HAL_Driver/Src/stm32f3xx_hal_rcc.o
                0x00000000080098b0                aPLLMULFactorTable
 .rodata.aPredivFactorTable
                0x00000000080098c0       0x10 Drivers/STM32F3xx_HAL_Driver/Src/stm32f3xx_hal_rcc.o
                0x00000000080098c0                aPredivFactorTable
                0x00000000080098d0                . = ALIGN (0x4)

.rel.dyn        0x00000000080098d0        0x0
 .rel.iplt      0x00000000080098d0        0x0 c:/st/stm32cubeide_1.3.0/stm32cubeide/plugins/com.st.stm32cube.ide.mcu.externaltools.gnu-tools-for-stm32.7-2018-q2-update.win32_1.4.0.202007081208/tools/bin/../lib/gcc/arm-none-eabi/7.3.1/thumb/v7e-m/fpv4-sp/hard/crtbegin.o

.ARM.extab      0x00000000080098d0        0x0
                0x00000000080098d0                . = ALIGN (0x4)
 *(.ARM.extab* .gnu.linkonce.armextab.*)
                0x00000000080098d0                . = ALIGN (0x4)

.ARM            0x00000000080098d0        0x0
                0x00000000080098d0                . = ALIGN (0x4)
                0x00000000080098d0                __exidx_start = .
 *(.ARM.exidx*)
                0x00000000080098d0                __exidx_end = .
                0x00000000080098d0                . = ALIGN (0x4)

.preinit_array  0x00000000080098d0        0x0
                0x00000000080098d0                . = ALIGN (0x4)
                0x00000000080098d0                PROVIDE (__preinit_array_start = .)
 *(.preinit_array*)
                0x00000000080098d0                PROVIDE (__preinit_array_end = .)
                0x00000000080098d0                . = ALIGN (0x4)

.init_array     0x00000000080098d0        0x4
                0x00000000080098d0                . = ALIGN (0x4)
                0x00000000080098d0                PROVIDE (__init_array_start = .)
 *(SORT_BY_NAME(.init_array.*))
 *(.init_array*)
 .init_array    0x00000000080098d0        0x4 c:/st/stm32cubeide_1.3.0/stm32cubeide/plugins/com.st.stm32cube.ide.mcu.externaltools.gnu-tools-for-stm32.7-2018-q2-update.win32_1.4.0.202007081208/tools/bin/../lib/gcc/arm-none-eabi/7.3.1/thumb/v7e-m/fpv4-sp/hard/crtbegin.o
                0x00000000080098d4                PROVIDE (__init_array_end = .)
                0x00000000080098d4                . = ALIGN (0x4)

.fini_array     0x00000000080098d4        0x4
                0x00000000080098d4                . = ALIGN (0x4)
                [!provide]                        PROVIDE (__fini_array_start = .)
 *(SORT_BY_NAME(.fini_array.*))
 *(.fini_array*)
 .fini_array    0x00000000080098d4        0x4 c:/st/stm32cubeide_1.3.0/stm32cubeide/plugins/com.st.stm32cube.ide.mcu.externaltools.gnu-tools-for-stm32.7-2018-q2-update.win32_1.4.0.202007081208/tools/bin/../lib/gcc/arm-none-eabi/7.3.1/thumb/v7e-m/fpv4-sp/hard/crtbegin.o
                [!provide]                        PROVIDE (__fini_array_end = .)
                0x00000000080098d8                . = ALIGN (0x4)
                0x00000000080098d8                _sidata = LOADADDR (.data)

.data           0x0000000020000000       0x10 load address 0x00000000080098d8
                0x0000000020000000                . = ALIGN (0x4)
                0x0000000020000000                _sdata = .
 *(.data)
 *(.data*)
 .data.L3GD20H_SET_CTRL1
                0x0000000020000000        0x1 Core/Src/L3GD20H.o
                0x0000000020000000                L3GD20H_SET_CTRL1
 .data.L3GD20H_SET_CTRL4
                0x0000000020000001        0x1 Core/Src/L3GD20H.o
                0x0000000020000001                L3GD20H_SET_CTRL4
 *fill*         0x0000000020000002        0x2 
 .data.SystemCoreClock
                0x0000000020000004        0x4 Core/Src/system_stm32f3xx.o
                0x0000000020000004                SystemCoreClock
 .data.uwTickPrio
                0x0000000020000008        0x4 Drivers/STM32F3xx_HAL_Driver/Src/stm32f3xx_hal.o
                0x0000000020000008                uwTickPrio
 .data.uwTickFreq
                0x000000002000000c        0x1 Drivers/STM32F3xx_HAL_Driver/Src/stm32f3xx_hal.o
                0x000000002000000c                uwTickFreq
                0x0000000020000010                . = ALIGN (0x4)
 *fill*         0x000000002000000d        0x3 
                0x0000000020000010                _edata = .

.igot.plt       0x0000000020000010        0x0 load address 0x00000000080098e8
 .igot.plt      0x0000000020000010        0x0 c:/st/stm32cubeide_1.3.0/stm32cubeide/plugins/com.st.stm32cube.ide.mcu.externaltools.gnu-tools-for-stm32.7-2018-q2-update.win32_1.4.0.202007081208/tools/bin/../lib/gcc/arm-none-eabi/7.3.1/thumb/v7e-m/fpv4-sp/hard/crtbegin.o
                0x0000000020000010                . = ALIGN (0x4)

.bss            0x0000000020000010      0x430 load address 0x00000000080098e8
                0x0000000020000010                _sbss = .
                0x0000000020000010                __bss_start__ = _sbss
 *(.bss)
 .bss           0x0000000020000010       0x1c c:/st/stm32cubeide_1.3.0/stm32cubeide/plugins/com.st.stm32cube.ide.mcu.externaltools.gnu-tools-for-stm32.7-2018-q2-update.win32_1.4.0.202007081208/tools/bin/../lib/gcc/arm-none-eabi/7.3.1/thumb/v7e-m/fpv4-sp/hard/crtbegin.o
 *(.bss*)
 .bss.cal_int   0x000000002000002c        0x4 Core/Src/Flight_Control.o
                0x000000002000002c                cal_int
 .bss.L3GD20H_OUT_X_L
                0x0000000020000030        0x1 Core/Src/L3GD20H.o
                0x0000000020000030                L3GD20H_OUT_X_L
 .bss.L3GD20H_OUT_X_H
                0x0000000020000031        0x1 Core/Src/L3GD20H.o
                0x0000000020000031                L3GD20H_OUT_X_H
 .bss.L3GD20H_OUT_Y_L
                0x0000000020000032        0x1 Core/Src/L3GD20H.o
                0x0000000020000032                L3GD20H_OUT_Y_L
 .bss.L3GD20H_OUT_Y_H
                0x0000000020000033        0x1 Core/Src/L3GD20H.o
                0x0000000020000033                L3GD20H_OUT_Y_H
 .bss.L3GD20H_OUT_Z_L
                0x0000000020000034        0x1 Core/Src/L3GD20H.o
                0x0000000020000034                L3GD20H_OUT_Z_L
 .bss.L3GD20H_OUT_Z_H
                0x0000000020000035        0x1 Core/Src/L3GD20H.o
                0x0000000020000035                L3GD20H_OUT_Z_H
 .bss.First_Captured
                0x0000000020000036        0x1 Core/Src/PWM_IC.o
                0x0000000020000036                First_Captured
 *fill*         0x0000000020000037        0x1 
 .bss.Roll_IC_Val1
                0x0000000020000038        0x4 Core/Src/PWM_IC.o
                0x0000000020000038                Roll_IC_Val1
 .bss.Roll_IC_Val2
                0x000000002000003c        0x4 Core/Src/PWM_IC.o
                0x000000002000003c                Roll_IC_Val2
 .bss.Pitch_IC_Val1
                0x0000000020000040        0x4 Core/Src/PWM_IC.o
                0x0000000020000040                Pitch_IC_Val1
 .bss.Pitch_IC_Val2
                0x0000000020000044        0x4 Core/Src/PWM_IC.o
                0x0000000020000044                Pitch_IC_Val2
 .bss.Throttle_IC_Val1
                0x0000000020000048        0x4 Core/Src/PWM_IC.o
                0x0000000020000048                Throttle_IC_Val1
 .bss.Throttle_IC_Val2
                0x000000002000004c        0x4 Core/Src/PWM_IC.o
                0x000000002000004c                Throttle_IC_Val2
 .bss.Yaw_IC_Val1
                0x0000000020000050        0x4 Core/Src/PWM_IC.o
                0x0000000020000050                Yaw_IC_Val1
 .bss.Yaw_IC_Val2
                0x0000000020000054        0x4 Core/Src/PWM_IC.o
                0x0000000020000054                Yaw_IC_Val2
 .bss.error     0x0000000020000058        0x1 Core/Src/Setup_FC.o
 *fill*         0x0000000020000059        0x3 
 .bss.eeprom_data8
                0x000000002000005c       0x20 Core/Src/Setup_FC.o
 .bss.eeprom_data16
                0x000000002000007c       0x40 Core/Src/Setup_FC.o
 .bss.eeprom_data8
                0x00000000200000bc       0x20 Core/Src/main.o
                0x00000000200000bc                eeprom_data8
 .bss.eeprom_data16
                0x00000000200000dc       0x40 Core/Src/main.o
                0x00000000200000dc                eeprom_data16
 *(COMMON)
 COMMON         0x000000002000011c       0xa8 Core/Src/ESC_Calibration.o
                0x000000002000011c                receiver_input_channel_3
                0x0000000020000120                esc_2
                0x0000000020000124                receiver_input
                0x0000000020000138                htim3
                0x0000000020000178                esc_1
                0x000000002000017c                esc_3
                0x0000000020000180                htim2
                0x00000000200001c0                esc_4
 *fill*         0x00000000200001c4        0x4 
 COMMON         0x00000000200001c8      0x15c Core/Src/Flight_Control.o
                0x00000000200001c8                pid_output_roll
                0x00000000200001cc                pid_last_roll_d_error
                0x00000000200001d0                hi2c1
                0x0000000020000220                gyro_axis
                0x0000000020000240                gyro_pitch_input
                0x0000000020000248                gyro_axis_cal
                0x0000000020000268                throttle
                0x000000002000026c                gyro_yaw_input
                0x0000000020000270                pid_output_yaw
                0x0000000020000274                gyro_roll_input
                0x0000000020000278                huart1
                0x00000000200002f8                pid_i_mem_pitch
                0x00000000200002fc                pid_output_pitch
                0x0000000020000300                pid_yaw_setpoint
                0x0000000020000304                pid_roll_setpoint
                0x0000000020000308                pid_pitch_setpoint
                0x000000002000030c                pid_last_pitch_d_error
                0x0000000020000310                start
                0x0000000020000314                pid_error_temp
                0x0000000020000318                pid_i_mem_roll
                0x000000002000031c                pid_last_yaw_d_error
                0x0000000020000320                pid_i_mem_yaw
 COMMON         0x0000000020000324       0x65 Core/Src/L3GD20H.o
                0x0000000020000324                uartTX
 *fill*         0x0000000020000389        0x3 
 COMMON         0x000000002000038c       0x5c Core/Src/Setup_FC.o
                0x000000002000038c                gyro_roll_cal
                0x0000000020000390                low_channel_3
                0x0000000020000394                center_channel_4
                0x0000000020000398                gyro_yaw_cal
                0x000000002000039c                eeprom_data_test
                0x00000000200003a8                center_channel_2
                0x00000000200003ac                high_channel_1
                0x00000000200003b0                low_channel_2
                0x00000000200003b4                yaw_axis
                0x00000000200003b5                channel_2_assign
                0x00000000200003b8                gyro_pitch_cal
                0x00000000200003bc                receiver_check_byte
                0x00000000200003bd                gyro_check_byte
                0x00000000200003c0                high_channel_3
                0x00000000200003c4                channel_3_assign
                0x00000000200003c8                low_channel_1
                0x00000000200003cc                center_channel_3
                0x00000000200003d0                channel_4_assign
                0x00000000200003d1                channel_1_assign
                0x00000000200003d4                high_channel_4
                0x00000000200003d8                low_channel_4
                0x00000000200003dc                center_channel_1
                0x00000000200003e0                pitch_axis
                0x00000000200003e1                roll_axis
                0x00000000200003e4                high_channel_2
 COMMON         0x00000000200003e8       0x30 Core/Src/main.o
                0x00000000200003e8                gZ_Raw
                0x00000000200003ea                setup_error
                0x00000000200003eb                gyro_error
                0x00000000200003f0                gyro_pitch
                0x00000000200003f8                gyro_yaw
                0x0000000020000400                receiver_input_channel_2
                0x0000000020000404                gY_Raw
                0x0000000020000406                gX_Raw
                0x0000000020000408                receiver_input_channel_4
                0x000000002000040c                receiver_input_channel_1
                0x0000000020000410                gyro_roll
 COMMON         0x0000000020000418        0x4 Drivers/STM32F3xx_HAL_Driver/Src/stm32f3xx_hal.o
                0x0000000020000418                uwTick
 *fill*         0x000000002000041c        0x4 
 COMMON         0x0000000020000420       0x20 Drivers/STM32F3xx_HAL_Driver/Src/stm32f3xx_hal_flash.o
                0x0000000020000420                pFlash
                0x0000000020000440                . = ALIGN (0x4)
                0x0000000020000440                _ebss = .
                0x0000000020000440                __bss_end__ = _ebss

._user_heap_stack
                0x0000000020000440      0x600 load address 0x00000000080098e8
                0x0000000020000440                . = ALIGN (0x8)
                0x0000000020000440                PROVIDE (end = .)
                [!provide]                        PROVIDE (_end = .)
                0x0000000020000640                . = (. + _Min_Heap_Size)
 *fill*         0x0000000020000440      0x200 
                0x0000000020000a40                . = (. + _Min_Stack_Size)
 *fill*         0x0000000020000640      0x400 
                0x0000000020000a40                . = ALIGN (0x8)

/DISCARD/
 libc.a(*)
 libm.a(*)
 libgcc.a(*)

.ARM.attributes
                0x0000000000000000       0x30
 *(.ARM.attributes)
 .ARM.attributes
                0x0000000000000000       0x22 c:/st/stm32cubeide_1.3.0/stm32cubeide/plugins/com.st.stm32cube.ide.mcu.externaltools.gnu-tools-for-stm32.7-2018-q2-update.win32_1.4.0.202007081208/tools/bin/../lib/gcc/arm-none-eabi/7.3.1/thumb/v7e-m/fpv4-sp/hard/crti.o
 .ARM.attributes
                0x0000000000000022       0x34 c:/st/stm32cubeide_1.3.0/stm32cubeide/plugins/com.st.stm32cube.ide.mcu.externaltools.gnu-tools-for-stm32.7-2018-q2-update.win32_1.4.0.202007081208/tools/bin/../lib/gcc/arm-none-eabi/7.3.1/thumb/v7e-m/fpv4-sp/hard/crtbegin.o
 .ARM.attributes
                0x0000000000000056       0x39 Core/Src/ESC_Calibration.o
 .ARM.attributes
                0x000000000000008f       0x39 Core/Src/Flash_RW.o
 .ARM.attributes
                0x00000000000000c8       0x39 Core/Src/Flight_Control.o
 .ARM.attributes
                0x0000000000000101       0x39 Core/Src/L3GD20H.o
 .ARM.attributes
                0x000000000000013a       0x39 Core/Src/PWM_IC.o
 .ARM.attributes
                0x0000000000000173       0x39 Core/Src/PWM_Output.o
 .ARM.attributes
                0x00000000000001ac       0x39 Core/Src/Setup_FC.o
 .ARM.attributes
                0x00000000000001e5       0x39 Core/Src/main.o
 .ARM.attributes
                0x000000000000021e       0x39 Core/Src/stm32f3xx_hal_msp.o
 .ARM.attributes
                0x0000000000000257       0x39 Core/Src/stm32f3xx_it.o
 .ARM.attributes
                0x0000000000000290       0x39 Core/Src/system_stm32f3xx.o
 .ARM.attributes
                0x00000000000002c9       0x21 Core/Startup/startup_stm32f303cctx.o
 .ARM.attributes
                0x00000000000002ea       0x39 Drivers/STM32F3xx_HAL_Driver/Src/stm32f3xx_hal.o
 .ARM.attributes
                0x0000000000000323       0x39 Drivers/STM32F3xx_HAL_Driver/Src/stm32f3xx_hal_cortex.o
 .ARM.attributes
                0x000000000000035c       0x39 Drivers/STM32F3xx_HAL_Driver/Src/stm32f3xx_hal_dma.o
 .ARM.attributes
                0x0000000000000395       0x39 Drivers/STM32F3xx_HAL_Driver/Src/stm32f3xx_hal_flash.o
 .ARM.attributes
                0x00000000000003ce       0x39 Drivers/STM32F3xx_HAL_Driver/Src/stm32f3xx_hal_flash_ex.o
 .ARM.attributes
                0x0000000000000407       0x39 Drivers/STM32F3xx_HAL_Driver/Src/stm32f3xx_hal_gpio.o
 .ARM.attributes
                0x0000000000000440       0x39 Drivers/STM32F3xx_HAL_Driver/Src/stm32f3xx_hal_i2c.o
 .ARM.attributes
                0x0000000000000479       0x39 Drivers/STM32F3xx_HAL_Driver/Src/stm32f3xx_hal_i2c_ex.o
 .ARM.attributes
                0x00000000000004b2       0x39 Drivers/STM32F3xx_HAL_Driver/Src/stm32f3xx_hal_rcc.o
 .ARM.attributes
                0x00000000000004eb       0x39 Drivers/STM32F3xx_HAL_Driver/Src/stm32f3xx_hal_rcc_ex.o
 .ARM.attributes
                0x0000000000000524       0x39 Drivers/STM32F3xx_HAL_Driver/Src/stm32f3xx_hal_tim.o
 .ARM.attributes
                0x000000000000055d       0x39 Drivers/STM32F3xx_HAL_Driver/Src/stm32f3xx_hal_tim_ex.o
 .ARM.attributes
                0x0000000000000596       0x39 Drivers/STM32F3xx_HAL_Driver/Src/stm32f3xx_hal_uart.o
 .ARM.attributes
                0x00000000000005cf       0x39 Drivers/STM32F3xx_HAL_Driver/Src/stm32f3xx_hal_uart_ex.o
 .ARM.attributes
                0x0000000000000608       0x34 c:/st/stm32cubeide_1.3.0/stm32cubeide/plugins/com.st.stm32cube.ide.mcu.externaltools.gnu-tools-for-stm32.7-2018-q2-update.win32_1.4.0.202007081208/tools/bin/../lib/gcc/arm-none-eabi/7.3.1/../../../../arm-none-eabi/lib/thumb/v7e-m/fpv4-sp/hard\libc_nano.a(lib_a-init.o)
 .ARM.attributes
                0x000000000000063c       0x34 c:/st/stm32cubeide_1.3.0/stm32cubeide/plugins/com.st.stm32cube.ide.mcu.externaltools.gnu-tools-for-stm32.7-2018-q2-update.win32_1.4.0.202007081208/tools/bin/../lib/gcc/arm-none-eabi/7.3.1/../../../../arm-none-eabi/lib/thumb/v7e-m/fpv4-sp/hard\libc_nano.a(lib_a-memcpy-stub.o)
 .ARM.attributes
                0x0000000000000670       0x34 c:/st/stm32cubeide_1.3.0/stm32cubeide/plugins/com.st.stm32cube.ide.mcu.externaltools.gnu-tools-for-stm32.7-2018-q2-update.win32_1.4.0.202007081208/tools/bin/../lib/gcc/arm-none-eabi/7.3.1/../../../../arm-none-eabi/lib/thumb/v7e-m/fpv4-sp/hard\libc_nano.a(lib_a-memset.o)
 .ARM.attributes
                0x00000000000006a4       0x22 c:/st/stm32cubeide_1.3.0/stm32cubeide/plugins/com.st.stm32cube.ide.mcu.externaltools.gnu-tools-for-stm32.7-2018-q2-update.win32_1.4.0.202007081208/tools/bin/../lib/gcc/arm-none-eabi/7.3.1/thumb/v7e-m/fpv4-sp/hard\libgcc.a(_arm_addsubdf3.o)
 .ARM.attributes
                0x00000000000006c6       0x22 c:/st/stm32cubeide_1.3.0/stm32cubeide/plugins/com.st.stm32cube.ide.mcu.externaltools.gnu-tools-for-stm32.7-2018-q2-update.win32_1.4.0.202007081208/tools/bin/../lib/gcc/arm-none-eabi/7.3.1/thumb/v7e-m/fpv4-sp/hard\libgcc.a(_arm_muldivdf3.o)
 .ARM.attributes
                0x00000000000006e8       0x22 c:/st/stm32cubeide_1.3.0/stm32cubeide/plugins/com.st.stm32cube.ide.mcu.externaltools.gnu-tools-for-stm32.7-2018-q2-update.win32_1.4.0.202007081208/tools/bin/../lib/gcc/arm-none-eabi/7.3.1/thumb/v7e-m/fpv4-sp/hard\libgcc.a(_arm_truncdfsf2.o)
 .ARM.attributes
                0x000000000000070a       0x22 c:/st/stm32cubeide_1.3.0/stm32cubeide/plugins/com.st.stm32cube.ide.mcu.externaltools.gnu-tools-for-stm32.7-2018-q2-update.win32_1.4.0.202007081208/tools/bin/../lib/gcc/arm-none-eabi/7.3.1/thumb/v7e-m/fpv4-sp/hard/crtn.o
OUTPUT(Project_HUMA.elf elf32-littlearm)

.debug_info     0x0000000000000000    0x19cbf
 .debug_info    0x0000000000000000      0xf82 Core/Src/ESC_Calibration.o
 .debug_info    0x0000000000000f82      0xa9b Core/Src/Flash_RW.o
 .debug_info    0x0000000000001a1d     0x1855 Core/Src/Flight_Control.o
 .debug_info    0x0000000000003272     0x12ca Core/Src/L3GD20H.o
 .debug_info    0x000000000000453c      0xf71 Core/Src/PWM_IC.o
 .debug_info    0x00000000000054ad      0xed9 Core/Src/PWM_Output.o
 .debug_info    0x0000000000006386     0x1838 Core/Src/Setup_FC.o
 .debug_info    0x0000000000007bbe     0x1c9b Core/Src/main.o
 .debug_info    0x0000000000009859     0x1a5a Core/Src/stm32f3xx_hal_msp.o
 .debug_info    0x000000000000b2b3     0x1523 Core/Src/stm32f3xx_it.o
 .debug_info    0x000000000000c7d6      0x45c Core/Src/system_stm32f3xx.o
 .debug_info    0x000000000000cc32       0x22 Core/Startup/startup_stm32f303cctx.o
 .debug_info    0x000000000000cc54      0x7e2 Drivers/STM32F3xx_HAL_Driver/Src/stm32f3xx_hal.o
 .debug_info    0x000000000000d436      0xd99 Drivers/STM32F3xx_HAL_Driver/Src/stm32f3xx_hal_cortex.o
 .debug_info    0x000000000000e1cf      0x7cb Drivers/STM32F3xx_HAL_Driver/Src/stm32f3xx_hal_dma.o
 .debug_info    0x000000000000e99a      0x5a6 Drivers/STM32F3xx_HAL_Driver/Src/stm32f3xx_hal_flash.o
 .debug_info    0x000000000000ef40      0x89c Drivers/STM32F3xx_HAL_Driver/Src/stm32f3xx_hal_flash_ex.o
 .debug_info    0x000000000000f7dc      0x70b Drivers/STM32F3xx_HAL_Driver/Src/stm32f3xx_hal_gpio.o
 .debug_info    0x000000000000fee7     0x1fe5 Drivers/STM32F3xx_HAL_Driver/Src/stm32f3xx_hal_i2c.o
 .debug_info    0x0000000000011ecc      0x8de Drivers/STM32F3xx_HAL_Driver/Src/stm32f3xx_hal_i2c_ex.o
 .debug_info    0x00000000000127aa     0x180f Drivers/STM32F3xx_HAL_Driver/Src/stm32f3xx_hal_rcc.o
 .debug_info    0x0000000000013fb9      0x6b7 Drivers/STM32F3xx_HAL_Driver/Src/stm32f3xx_hal_rcc_ex.o
 .debug_info    0x0000000000014670     0x2648 Drivers/STM32F3xx_HAL_Driver/Src/stm32f3xx_hal_tim.o
 .debug_info    0x0000000000016cb8     0x11d7 Drivers/STM32F3xx_HAL_Driver/Src/stm32f3xx_hal_tim_ex.o
 .debug_info    0x0000000000017e8f     0x1592 Drivers/STM32F3xx_HAL_Driver/Src/stm32f3xx_hal_uart.o
 .debug_info    0x0000000000019421      0x89e Drivers/STM32F3xx_HAL_Driver/Src/stm32f3xx_hal_uart_ex.o

.debug_abbrev   0x0000000000000000     0x3413
 .debug_abbrev  0x0000000000000000      0x20d Core/Src/ESC_Calibration.o
 .debug_abbrev  0x000000000000020d      0x210 Core/Src/Flash_RW.o
 .debug_abbrev  0x000000000000041d      0x225 Core/Src/Flight_Control.o
 .debug_abbrev  0x0000000000000642      0x1da Core/Src/L3GD20H.o
 .debug_abbrev  0x000000000000081c      0x1ed Core/Src/PWM_IC.o
 .debug_abbrev  0x0000000000000a09      0x205 Core/Src/PWM_Output.o
 .debug_abbrev  0x0000000000000c0e      0x255 Core/Src/Setup_FC.o
 .debug_abbrev  0x0000000000000e63      0x267 Core/Src/main.o
 .debug_abbrev  0x00000000000010ca      0x240 Core/Src/stm32f3xx_hal_msp.o
 .debug_abbrev  0x000000000000130a      0x1e3 Core/Src/stm32f3xx_it.o
 .debug_abbrev  0x00000000000014ed      0x12b Core/Src/system_stm32f3xx.o
 .debug_abbrev  0x0000000000001618       0x12 Core/Startup/startup_stm32f303cctx.o
 .debug_abbrev  0x000000000000162a      0x1c7 Drivers/STM32F3xx_HAL_Driver/Src/stm32f3xx_hal.o
 .debug_abbrev  0x00000000000017f1      0x2fa Drivers/STM32F3xx_HAL_Driver/Src/stm32f3xx_hal_cortex.o
 .debug_abbrev  0x0000000000001aeb      0x1fe Drivers/STM32F3xx_HAL_Driver/Src/stm32f3xx_hal_dma.o
 .debug_abbrev  0x0000000000001ce9      0x22e Drivers/STM32F3xx_HAL_Driver/Src/stm32f3xx_hal_flash.o
 .debug_abbrev  0x0000000000001f17      0x27f Drivers/STM32F3xx_HAL_Driver/Src/stm32f3xx_hal_flash_ex.o
 .debug_abbrev  0x0000000000002196      0x1c0 Drivers/STM32F3xx_HAL_Driver/Src/stm32f3xx_hal_gpio.o
 .debug_abbrev  0x0000000000002356      0x22a Drivers/STM32F3xx_HAL_Driver/Src/stm32f3xx_hal_i2c.o
 .debug_abbrev  0x0000000000002580      0x1b9 Drivers/STM32F3xx_HAL_Driver/Src/stm32f3xx_hal_i2c_ex.o
 .debug_abbrev  0x0000000000002739      0x28c Drivers/STM32F3xx_HAL_Driver/Src/stm32f3xx_hal_rcc.o
 .debug_abbrev  0x00000000000029c5      0x219 Drivers/STM32F3xx_HAL_Driver/Src/stm32f3xx_hal_rcc_ex.o
 .debug_abbrev  0x0000000000002bde      0x230 Drivers/STM32F3xx_HAL_Driver/Src/stm32f3xx_hal_tim.o
 .debug_abbrev  0x0000000000002e0e      0x21e Drivers/STM32F3xx_HAL_Driver/Src/stm32f3xx_hal_tim_ex.o
 .debug_abbrev  0x000000000000302c      0x205 Drivers/STM32F3xx_HAL_Driver/Src/stm32f3xx_hal_uart.o
 .debug_abbrev  0x0000000000003231      0x1e2 Drivers/STM32F3xx_HAL_Driver/Src/stm32f3xx_hal_uart_ex.o

.debug_aranges  0x0000000000000000     0x1218
 .debug_aranges
                0x0000000000000000       0x28 Core/Src/ESC_Calibration.o
 .debug_aranges
                0x0000000000000028       0x30 Core/Src/Flash_RW.o
 .debug_aranges
                0x0000000000000058       0x40 Core/Src/Flight_Control.o
 .debug_aranges
                0x0000000000000098       0x28 Core/Src/L3GD20H.o
 .debug_aranges
                0x00000000000000c0       0x30 Core/Src/PWM_IC.o
 .debug_aranges
                0x00000000000000f0       0x38 Core/Src/PWM_Output.o
 .debug_aranges
                0x0000000000000128       0x40 Core/Src/Setup_FC.o
 .debug_aranges
                0x0000000000000168       0x58 Core/Src/main.o
 .debug_aranges
                0x00000000000001c0       0x68 Core/Src/stm32f3xx_hal_msp.o
 .debug_aranges
                0x0000000000000228       0x88 Core/Src/stm32f3xx_it.o
 .debug_aranges
                0x00000000000002b0       0x28 Core/Src/system_stm32f3xx.o
 .debug_aranges
                0x00000000000002d8       0x28 Core/Startup/startup_stm32f303cctx.o
 .debug_aranges
                0x0000000000000300       0xe0 Drivers/STM32F3xx_HAL_Driver/Src/stm32f3xx_hal.o
 .debug_aranges
                0x00000000000003e0      0x118 Drivers/STM32F3xx_HAL_Driver/Src/stm32f3xx_hal_cortex.o
 .debug_aranges
                0x00000000000004f8       0x88 Drivers/STM32F3xx_HAL_Driver/Src/stm32f3xx_hal_dma.o
 .debug_aranges
                0x0000000000000580       0x88 Drivers/STM32F3xx_HAL_Driver/Src/stm32f3xx_hal_flash.o
 .debug_aranges
                0x0000000000000608       0x98 Drivers/STM32F3xx_HAL_Driver/Src/stm32f3xx_hal_flash_ex.o
 .debug_aranges
                0x00000000000006a0       0x58 Drivers/STM32F3xx_HAL_Driver/Src/stm32f3xx_hal_gpio.o
 .debug_aranges
                0x00000000000006f8      0x290 Drivers/STM32F3xx_HAL_Driver/Src/stm32f3xx_hal_i2c.o
 .debug_aranges
                0x0000000000000988       0x48 Drivers/STM32F3xx_HAL_Driver/Src/stm32f3xx_hal_i2c_ex.o
 .debug_aranges
                0x00000000000009d0       0x88 Drivers/STM32F3xx_HAL_Driver/Src/stm32f3xx_hal_rcc.o
 .debug_aranges
                0x0000000000000a58       0x38 Drivers/STM32F3xx_HAL_Driver/Src/stm32f3xx_hal_rcc_ex.o
 .debug_aranges
                0x0000000000000a90      0x3c8 Drivers/STM32F3xx_HAL_Driver/Src/stm32f3xx_hal_tim.o
 .debug_aranges
                0x0000000000000e58      0x160 Drivers/STM32F3xx_HAL_Driver/Src/stm32f3xx_hal_tim_ex.o
 .debug_aranges
                0x0000000000000fb8      0x210 Drivers/STM32F3xx_HAL_Driver/Src/stm32f3xx_hal_uart.o
 .debug_aranges
                0x00000000000011c8       0x50 Drivers/STM32F3xx_HAL_Driver/Src/stm32f3xx_hal_uart_ex.o

.debug_ranges   0x0000000000000000     0x1080
 .debug_ranges  0x0000000000000000       0x18 Core/Src/ESC_Calibration.o
 .debug_ranges  0x0000000000000018       0x20 Core/Src/Flash_RW.o
 .debug_ranges  0x0000000000000038       0x30 Core/Src/Flight_Control.o
 .debug_ranges  0x0000000000000068       0x18 Core/Src/L3GD20H.o
 .debug_ranges  0x0000000000000080       0x20 Core/Src/PWM_IC.o
 .debug_ranges  0x00000000000000a0       0x28 Core/Src/PWM_Output.o
 .debug_ranges  0x00000000000000c8       0x30 Core/Src/Setup_FC.o
 .debug_ranges  0x00000000000000f8       0x48 Core/Src/main.o
 .debug_ranges  0x0000000000000140       0x58 Core/Src/stm32f3xx_hal_msp.o
 .debug_ranges  0x0000000000000198       0x78 Core/Src/stm32f3xx_it.o
 .debug_ranges  0x0000000000000210       0x18 Core/Src/system_stm32f3xx.o
 .debug_ranges  0x0000000000000228       0x20 Core/Startup/startup_stm32f303cctx.o
 .debug_ranges  0x0000000000000248       0xd0 Drivers/STM32F3xx_HAL_Driver/Src/stm32f3xx_hal.o
 .debug_ranges  0x0000000000000318      0x108 Drivers/STM32F3xx_HAL_Driver/Src/stm32f3xx_hal_cortex.o
 .debug_ranges  0x0000000000000420       0x78 Drivers/STM32F3xx_HAL_Driver/Src/stm32f3xx_hal_dma.o
 .debug_ranges  0x0000000000000498       0x78 Drivers/STM32F3xx_HAL_Driver/Src/stm32f3xx_hal_flash.o
 .debug_ranges  0x0000000000000510       0x88 Drivers/STM32F3xx_HAL_Driver/Src/stm32f3xx_hal_flash_ex.o
 .debug_ranges  0x0000000000000598       0x48 Drivers/STM32F3xx_HAL_Driver/Src/stm32f3xx_hal_gpio.o
 .debug_ranges  0x00000000000005e0      0x280 Drivers/STM32F3xx_HAL_Driver/Src/stm32f3xx_hal_i2c.o
 .debug_ranges  0x0000000000000860       0x38 Drivers/STM32F3xx_HAL_Driver/Src/stm32f3xx_hal_i2c_ex.o
 .debug_ranges  0x0000000000000898       0x78 Drivers/STM32F3xx_HAL_Driver/Src/stm32f3xx_hal_rcc.o
 .debug_ranges  0x0000000000000910       0x28 Drivers/STM32F3xx_HAL_Driver/Src/stm32f3xx_hal_rcc_ex.o
 .debug_ranges  0x0000000000000938      0x3b8 Drivers/STM32F3xx_HAL_Driver/Src/stm32f3xx_hal_tim.o
 .debug_ranges  0x0000000000000cf0      0x150 Drivers/STM32F3xx_HAL_Driver/Src/stm32f3xx_hal_tim_ex.o
 .debug_ranges  0x0000000000000e40      0x200 Drivers/STM32F3xx_HAL_Driver/Src/stm32f3xx_hal_uart.o
 .debug_ranges  0x0000000000001040       0x40 Drivers/STM32F3xx_HAL_Driver/Src/stm32f3xx_hal_uart_ex.o

.debug_macro    0x0000000000000000    0x1cdf2
 .debug_macro   0x0000000000000000      0x394 Core/Src/ESC_Calibration.o
 .debug_macro   0x0000000000000394      0xa5a Core/Src/ESC_Calibration.o
 .debug_macro   0x0000000000000dee      0x157 Core/Src/ESC_Calibration.o
 .debug_macro   0x0000000000000f45       0x2e Core/Src/ESC_Calibration.o
 .debug_macro   0x0000000000000f73       0x28 Core/Src/ESC_Calibration.o
 .debug_macro   0x0000000000000f9b       0x22 Core/Src/ESC_Calibration.o
 .debug_macro   0x0000000000000fbd       0x8e Core/Src/ESC_Calibration.o
 .debug_macro   0x000000000000104b       0x51 Core/Src/ESC_Calibration.o
 .debug_macro   0x000000000000109c       0xef Core/Src/ESC_Calibration.o
 .debug_macro   0x000000000000118b       0x6a Core/Src/ESC_Calibration.o
 .debug_macro   0x00000000000011f5      0x1df Core/Src/ESC_Calibration.o
 .debug_macro   0x00000000000013d4       0x1c Core/Src/ESC_Calibration.o
 .debug_macro   0x00000000000013f0       0x22 Core/Src/ESC_Calibration.o
 .debug_macro   0x0000000000001412       0xdf Core/Src/ESC_Calibration.o
 .debug_macro   0x00000000000014f1     0x102d Core/Src/ESC_Calibration.o
 .debug_macro   0x000000000000251e      0x11f Core/Src/ESC_Calibration.o
 .debug_macro   0x000000000000263d    0x12a33 Core/Src/ESC_Calibration.o
 .debug_macro   0x0000000000015070       0x43 Core/Src/ESC_Calibration.o
 .debug_macro   0x00000000000150b3      0x174 Core/Src/ESC_Calibration.o
 .debug_macro   0x0000000000015227       0x53 Core/Src/ESC_Calibration.o
 .debug_macro   0x000000000001527a      0x962 Core/Src/ESC_Calibration.o
 .debug_macro   0x0000000000015bdc      0x5fe Core/Src/ESC_Calibration.o
 .debug_macro   0x00000000000161da      0x12f Core/Src/ESC_Calibration.o
 .debug_macro   0x0000000000016309      0x1fb Core/Src/ESC_Calibration.o
 .debug_macro   0x0000000000016504      0x1dc Core/Src/ESC_Calibration.o
 .debug_macro   0x00000000000166e0      0x1bc Core/Src/ESC_Calibration.o
 .debug_macro   0x000000000001689c       0x30 Core/Src/ESC_Calibration.o
 .debug_macro   0x00000000000168cc       0x3c Core/Src/ESC_Calibration.o
 .debug_macro   0x0000000000016908      0x236 Core/Src/ESC_Calibration.o
 .debug_macro   0x0000000000016b3e       0xc5 Core/Src/ESC_Calibration.o
 .debug_macro   0x0000000000016c03      0x21d Core/Src/ESC_Calibration.o
 .debug_macro   0x0000000000016e20      0x22c Core/Src/ESC_Calibration.o
 .debug_macro   0x000000000001704c       0x5b Core/Src/ESC_Calibration.o
 .debug_macro   0x00000000000170a7       0xa5 Core/Src/ESC_Calibration.o
 .debug_macro   0x000000000001714c       0x81 Core/Src/ESC_Calibration.o
 .debug_macro   0x00000000000171cd       0xd3 Core/Src/ESC_Calibration.o
 .debug_macro   0x00000000000172a0      0x9e9 Core/Src/ESC_Calibration.o
 .debug_macro   0x0000000000017c89       0x89 Core/Src/ESC_Calibration.o
 .debug_macro   0x0000000000017d12      0x589 Core/Src/ESC_Calibration.o
 .debug_macro   0x000000000001829b       0x3e Core/Src/ESC_Calibration.o
 .debug_macro   0x00000000000182d9      0x275 Core/Src/ESC_Calibration.o
 .debug_macro   0x000000000001854e       0x22 Core/Src/ESC_Calibration.o
 .debug_macro   0x0000000000018570       0x46 Core/Src/ESC_Calibration.o
 .debug_macro   0x00000000000185b6       0x18 Core/Src/ESC_Calibration.o
 .debug_macro   0x00000000000185ce       0x3c Core/Src/ESC_Calibration.o
 .debug_macro   0x000000000001860a       0x34 Core/Src/ESC_Calibration.o
 .debug_macro   0x000000000001863e       0x16 Core/Src/ESC_Calibration.o
 .debug_macro   0x0000000000018654       0x35 Core/Src/ESC_Calibration.o
 .debug_macro   0x0000000000018689      0x32a Core/Src/ESC_Calibration.o
 .debug_macro   0x00000000000189b3       0x10 Core/Src/ESC_Calibration.o
 .debug_macro   0x00000000000189c3       0x52 Core/Src/ESC_Calibration.o
 .debug_macro   0x0000000000018a15       0x1f Core/Src/ESC_Calibration.o
 .debug_macro   0x0000000000018a34       0x43 Core/Src/ESC_Calibration.o
 .debug_macro   0x0000000000018a77       0x20 Core/Src/ESC_Calibration.o
 .debug_macro   0x0000000000018a97      0x1a3 Core/Src/ESC_Calibration.o
 .debug_macro   0x0000000000018c3a       0x10 Core/Src/ESC_Calibration.o
 .debug_macro   0x0000000000018c4a       0x1c Core/Src/ESC_Calibration.o
 .debug_macro   0x0000000000018c66       0x52 Core/Src/ESC_Calibration.o
 .debug_macro   0x0000000000018cb8       0x40 Core/Src/ESC_Calibration.o
 .debug_macro   0x0000000000018cf8       0x10 Core/Src/ESC_Calibration.o
 .debug_macro   0x0000000000018d08       0x40 Core/Src/ESC_Calibration.o
 .debug_macro   0x0000000000018d48       0xd7 Core/Src/ESC_Calibration.o
 .debug_macro   0x0000000000018e1f       0x1c Core/Src/ESC_Calibration.o
 .debug_macro   0x0000000000018e3b       0x3d Core/Src/ESC_Calibration.o
 .debug_macro   0x0000000000018e78       0x16 Core/Src/ESC_Calibration.o
 .debug_macro   0x0000000000018e8e      0x145 Core/Src/ESC_Calibration.o
 .debug_macro   0x0000000000018fd3       0x16 Core/Src/ESC_Calibration.o
 .debug_macro   0x0000000000018fe9       0x20 Core/Src/ESC_Calibration.o
 .debug_macro   0x0000000000019009       0x28 Core/Src/ESC_Calibration.o
 .debug_macro   0x0000000000019031      0x376 Core/Src/Flash_RW.o
 .debug_macro   0x00000000000193a7      0x39d Core/Src/Flight_Control.o
 .debug_macro   0x0000000000019744       0xbe Core/Src/Flight_Control.o
 .debug_macro   0x0000000000019802      0x37b Core/Src/L3GD20H.o
 .debug_macro   0x0000000000019b7d       0xb8 Core/Src/L3GD20H.o
 .debug_macro   0x0000000000019c35      0x380 Core/Src/PWM_IC.o
 .debug_macro   0x0000000000019fb5      0x376 Core/Src/PWM_Output.o
 .debug_macro   0x000000000001a32b      0x39d Core/Src/Setup_FC.o
 .debug_macro   0x000000000001a6c8      0x3bb Core/Src/main.o
 .debug_macro   0x000000000001aa83      0x36c Core/Src/stm32f3xx_hal_msp.o
 .debug_macro   0x000000000001adef      0x376 Core/Src/stm32f3xx_it.o
 .debug_macro   0x000000000001b165      0x1d4 Core/Src/system_stm32f3xx.o
 .debug_macro   0x000000000001b339      0x1f2 Drivers/STM32F3xx_HAL_Driver/Src/stm32f3xx_hal.o
 .debug_macro   0x000000000001b52b      0x1ce Drivers/STM32F3xx_HAL_Driver/Src/stm32f3xx_hal_cortex.o
 .debug_macro   0x000000000001b6f9      0x1ce Drivers/STM32F3xx_HAL_Driver/Src/stm32f3xx_hal_dma.o
 .debug_macro   0x000000000001b8c7      0x1ce Drivers/STM32F3xx_HAL_Driver/Src/stm32f3xx_hal_flash.o
 .debug_macro   0x000000000001ba95      0x1e0 Drivers/STM32F3xx_HAL_Driver/Src/stm32f3xx_hal_flash_ex.o
 .debug_macro   0x000000000001bc75      0x206 Drivers/STM32F3xx_HAL_Driver/Src/stm32f3xx_hal_gpio.o
 .debug_macro   0x000000000001be7b      0x293 Drivers/STM32F3xx_HAL_Driver/Src/stm32f3xx_hal_i2c.o
 .debug_macro   0x000000000001c10e      0x1ce Drivers/STM32F3xx_HAL_Driver/Src/stm32f3xx_hal_i2c_ex.o
 .debug_macro   0x000000000001c2dc      0x1f2 Drivers/STM32F3xx_HAL_Driver/Src/stm32f3xx_hal_rcc.o
 .debug_macro   0x000000000001c4ce      0x1ce Drivers/STM32F3xx_HAL_Driver/Src/stm32f3xx_hal_rcc_ex.o
 .debug_macro   0x000000000001c69c      0x1cf Drivers/STM32F3xx_HAL_Driver/Src/stm32f3xx_hal_tim.o
 .debug_macro   0x000000000001c86b      0x1ce Drivers/STM32F3xx_HAL_Driver/Src/stm32f3xx_hal_tim_ex.o
 .debug_macro   0x000000000001ca39      0x1eb Drivers/STM32F3xx_HAL_Driver/Src/stm32f3xx_hal_uart.o
 .debug_macro   0x000000000001cc24      0x1ce Drivers/STM32F3xx_HAL_Driver/Src/stm32f3xx_hal_uart_ex.o

.debug_line     0x0000000000000000    0x11b03
 .debug_line    0x0000000000000000      0x956 Core/Src/ESC_Calibration.o
 .debug_line    0x0000000000000956      0x8fb Core/Src/Flash_RW.o
 .debug_line    0x0000000000001251      0xb10 Core/Src/Flight_Control.o
 .debug_line    0x0000000000001d61      0x8ea Core/Src/L3GD20H.o
 .debug_line    0x000000000000264b      0x939 Core/Src/PWM_IC.o
 .debug_line    0x0000000000002f84      0x905 Core/Src/PWM_Output.o
 .debug_line    0x0000000000003889      0xc2d Core/Src/Setup_FC.o
 .debug_line    0x00000000000044b6      0xae9 Core/Src/main.o
 .debug_line    0x0000000000004f9f      0x9a5 Core/Src/stm32f3xx_hal_msp.o
 .debug_line    0x0000000000005944      0x9bd Core/Src/stm32f3xx_it.o
 .debug_line    0x0000000000006301      0x6c9 Core/Src/system_stm32f3xx.o
 .debug_line    0x00000000000069ca       0x85 Core/Startup/startup_stm32f303cctx.o
 .debug_line    0x0000000000006a4f      0x886 Drivers/STM32F3xx_HAL_Driver/Src/stm32f3xx_hal.o
 .debug_line    0x00000000000072d5      0x9bb Drivers/STM32F3xx_HAL_Driver/Src/stm32f3xx_hal_cortex.o
 .debug_line    0x0000000000007c90      0x8c5 Drivers/STM32F3xx_HAL_Driver/Src/stm32f3xx_hal_dma.o
 .debug_line    0x0000000000008555      0x86b Drivers/STM32F3xx_HAL_Driver/Src/stm32f3xx_hal_flash.o
 .debug_line    0x0000000000008dc0      0x912 Drivers/STM32F3xx_HAL_Driver/Src/stm32f3xx_hal_flash_ex.o
 .debug_line    0x00000000000096d2      0x839 Drivers/STM32F3xx_HAL_Driver/Src/stm32f3xx_hal_gpio.o
 .debug_line    0x0000000000009f0b     0x1a8e Drivers/STM32F3xx_HAL_Driver/Src/stm32f3xx_hal_i2c.o
 .debug_line    0x000000000000b999      0x7ef Drivers/STM32F3xx_HAL_Driver/Src/stm32f3xx_hal_i2c_ex.o
 .debug_line    0x000000000000c188      0xdfe Drivers/STM32F3xx_HAL_Driver/Src/stm32f3xx_hal_rcc.o
 .debug_line    0x000000000000cf86      0x977 Drivers/STM32F3xx_HAL_Driver/Src/stm32f3xx_hal_rcc_ex.o
 .debug_line    0x000000000000d8fd     0x1b52 Drivers/STM32F3xx_HAL_Driver/Src/stm32f3xx_hal_tim.o
 .debug_line    0x000000000000f44f      0xd4c Drivers/STM32F3xx_HAL_Driver/Src/stm32f3xx_hal_tim_ex.o
 .debug_line    0x000000000001019b     0x11c4 Drivers/STM32F3xx_HAL_Driver/Src/stm32f3xx_hal_uart.o
 .debug_line    0x000000000001135f      0x7a4 Drivers/STM32F3xx_HAL_Driver/Src/stm32f3xx_hal_uart_ex.o

.debug_str      0x0000000000000000    0x9f0b3
 .debug_str     0x0000000000000000    0x99477 Core/Src/ESC_Calibration.o
                                      0x99b5e (size before relaxing)
 .debug_str     0x0000000000099477       0xb7 Core/Src/Flash_RW.o
                                      0x99713 (size before relaxing)
 .debug_str     0x000000000009952e      0xaba Core/Src/Flight_Control.o
                                      0x9a630 (size before relaxing)
 .debug_str     0x0000000000099fe8      0x115 Core/Src/L3GD20H.o
                                      0x9a164 (size before relaxing)
 .debug_str     0x000000000009a0fd       0xcd Core/Src/PWM_IC.o
                                      0x99ba2 (size before relaxing)
 .debug_str     0x000000000009a1ca       0x64 Core/Src/PWM_Output.o
                                      0x99ad4 (size before relaxing)
 .debug_str     0x000000000009a22e      0x265 Core/Src/Setup_FC.o
                                      0x9a5af (size before relaxing)
 .debug_str     0x000000000009a493      0x508 Core/Src/main.o
                                      0x9a8fb (size before relaxing)
 .debug_str     0x000000000009a99b      0x41b Core/Src/stm32f3xx_hal_msp.o
                                      0x9a4f8 (size before relaxing)
 .debug_str     0x000000000009adb6      0x103 Core/Src/stm32f3xx_it.o
                                      0x9a036 (size before relaxing)
 .debug_str     0x000000000009aeb9       0xd1 Core/Src/system_stm32f3xx.o
                                      0x95556 (size before relaxing)
 .debug_str     0x000000000009af8a       0x36 Core/Startup/startup_stm32f303cctx.o
                                         0x66 (size before relaxing)
 .debug_str     0x000000000009afc0      0x3c7 Drivers/STM32F3xx_HAL_Driver/Src/stm32f3xx_hal.o
                                      0x95cde (size before relaxing)
 .debug_str     0x000000000009b387      0x3cd Drivers/STM32F3xx_HAL_Driver/Src/stm32f3xx_hal_cortex.o
                                      0x95dec (size before relaxing)
 .debug_str     0x000000000009b754      0x248 Drivers/STM32F3xx_HAL_Driver/Src/stm32f3xx_hal_dma.o
                                      0x958bc (size before relaxing)
 .debug_str     0x000000000009b99c      0x280 Drivers/STM32F3xx_HAL_Driver/Src/stm32f3xx_hal_flash.o
                                      0x9579f (size before relaxing)
 .debug_str     0x000000000009bc1c      0x38b Drivers/STM32F3xx_HAL_Driver/Src/stm32f3xx_hal_flash_ex.o
                                      0x9599c (size before relaxing)
 .debug_str     0x000000000009bfa7      0x224 Drivers/STM32F3xx_HAL_Driver/Src/stm32f3xx_hal_gpio.o
                                      0x957a8 (size before relaxing)
 .debug_str     0x000000000009c1cb      0xe38 Drivers/STM32F3xx_HAL_Driver/Src/stm32f3xx_hal_i2c.o
                                      0x96796 (size before relaxing)
 .debug_str     0x000000000009d003       0xf3 Drivers/STM32F3xx_HAL_Driver/Src/stm32f3xx_hal_i2c_ex.o
                                      0x95a79 (size before relaxing)
 .debug_str     0x000000000009d0f6      0x2f6 Drivers/STM32F3xx_HAL_Driver/Src/stm32f3xx_hal_rcc.o
                                      0x959b0 (size before relaxing)
 .debug_str     0x000000000009d3ec       0xd8 Drivers/STM32F3xx_HAL_Driver/Src/stm32f3xx_hal_rcc_ex.o
                                      0x95774 (size before relaxing)
 .debug_str     0x000000000009d4c4      0xd17 Drivers/STM32F3xx_HAL_Driver/Src/stm32f3xx_hal_tim.o
                                      0x96743 (size before relaxing)
 .debug_str     0x000000000009e1db      0x588 Drivers/STM32F3xx_HAL_Driver/Src/stm32f3xx_hal_tim_ex.o
                                      0x95f4a (size before relaxing)
 .debug_str     0x000000000009e763      0x7f0 Drivers/STM32F3xx_HAL_Driver/Src/stm32f3xx_hal_uart.o
                                      0x96110 (size before relaxing)
 .debug_str     0x000000000009ef53      0x160 Drivers/STM32F3xx_HAL_Driver/Src/stm32f3xx_hal_uart_ex.o
                                      0x959d8 (size before relaxing)

.comment        0x0000000000000000       0x7b
 .comment       0x0000000000000000       0x7b Core/Src/ESC_Calibration.o
                                         0x7c (size before relaxing)
 .comment       0x000000000000007b       0x7c Core/Src/Flash_RW.o
 .comment       0x000000000000007b       0x7c Core/Src/Flight_Control.o
 .comment       0x000000000000007b       0x7c Core/Src/L3GD20H.o
 .comment       0x000000000000007b       0x7c Core/Src/PWM_IC.o
 .comment       0x000000000000007b       0x7c Core/Src/PWM_Output.o
 .comment       0x000000000000007b       0x7c Core/Src/Setup_FC.o
 .comment       0x000000000000007b       0x7c Core/Src/main.o
 .comment       0x000000000000007b       0x7c Core/Src/stm32f3xx_hal_msp.o
 .comment       0x000000000000007b       0x7c Core/Src/stm32f3xx_it.o
 .comment       0x000000000000007b       0x7c Core/Src/system_stm32f3xx.o
 .comment       0x000000000000007b       0x7c Drivers/STM32F3xx_HAL_Driver/Src/stm32f3xx_hal.o
 .comment       0x000000000000007b       0x7c Drivers/STM32F3xx_HAL_Driver/Src/stm32f3xx_hal_cortex.o
 .comment       0x000000000000007b       0x7c Drivers/STM32F3xx_HAL_Driver/Src/stm32f3xx_hal_dma.o
 .comment       0x000000000000007b       0x7c Drivers/STM32F3xx_HAL_Driver/Src/stm32f3xx_hal_flash.o
 .comment       0x000000000000007b       0x7c Drivers/STM32F3xx_HAL_Driver/Src/stm32f3xx_hal_flash_ex.o
 .comment       0x000000000000007b       0x7c Drivers/STM32F3xx_HAL_Driver/Src/stm32f3xx_hal_gpio.o
 .comment       0x000000000000007b       0x7c Drivers/STM32F3xx_HAL_Driver/Src/stm32f3xx_hal_i2c.o
 .comment       0x000000000000007b       0x7c Drivers/STM32F3xx_HAL_Driver/Src/stm32f3xx_hal_i2c_ex.o
 .comment       0x000000000000007b       0x7c Drivers/STM32F3xx_HAL_Driver/Src/stm32f3xx_hal_rcc.o
 .comment       0x000000000000007b       0x7c Drivers/STM32F3xx_HAL_Driver/Src/stm32f3xx_hal_rcc_ex.o
 .comment       0x000000000000007b       0x7c Drivers/STM32F3xx_HAL_Driver/Src/stm32f3xx_hal_tim.o
 .comment       0x000000000000007b       0x7c Drivers/STM32F3xx_HAL_Driver/Src/stm32f3xx_hal_tim_ex.o
 .comment       0x000000000000007b       0x7c Drivers/STM32F3xx_HAL_Driver/Src/stm32f3xx_hal_uart.o
 .comment       0x000000000000007b       0x7c Drivers/STM32F3xx_HAL_Driver/Src/stm32f3xx_hal_uart_ex.o

.debug_frame    0x0000000000000000     0x4b78
 .debug_frame   0x0000000000000000       0x54 Core/Src/ESC_Calibration.o
 .debug_frame   0x0000000000000054       0x84 Core/Src/Flash_RW.o
 .debug_frame   0x00000000000000d8       0xc4 Core/Src/Flight_Control.o
 .debug_frame   0x000000000000019c       0x60 Core/Src/L3GD20H.o
 .debug_frame   0x00000000000001fc       0x70 Core/Src/PWM_IC.o
 .debug_frame   0x000000000000026c       0x9c Core/Src/PWM_Output.o
 .debug_frame   0x0000000000000308       0xc8 Core/Src/Setup_FC.o
 .debug_frame   0x00000000000003d0      0x120 Core/Src/main.o
 .debug_frame   0x00000000000004f0      0x17c Core/Src/stm32f3xx_hal_msp.o
 .debug_frame   0x000000000000066c      0x198 Core/Src/stm32f3xx_it.o
 .debug_frame   0x0000000000000804       0x58 Core/Src/system_stm32f3xx.o
 .debug_frame   0x000000000000085c      0x334 Drivers/STM32F3xx_HAL_Driver/Src/stm32f3xx_hal.o
 .debug_frame   0x0000000000000b90      0x498 Drivers/STM32F3xx_HAL_Driver/Src/stm32f3xx_hal_cortex.o
 .debug_frame   0x0000000000001028      0x224 Drivers/STM32F3xx_HAL_Driver/Src/stm32f3xx_hal_dma.o
 .debug_frame   0x000000000000124c      0x214 Drivers/STM32F3xx_HAL_Driver/Src/stm32f3xx_hal_flash.o
 .debug_frame   0x0000000000001460      0x258 Drivers/STM32F3xx_HAL_Driver/Src/stm32f3xx_hal_flash_ex.o
 .debug_frame   0x00000000000016b8      0x14c Drivers/STM32F3xx_HAL_Driver/Src/stm32f3xx_hal_gpio.o
 .debug_frame   0x0000000000001804      0xbe8 Drivers/STM32F3xx_HAL_Driver/Src/stm32f3xx_hal_i2c.o
 .debug_frame   0x00000000000023ec      0x100 Drivers/STM32F3xx_HAL_Driver/Src/stm32f3xx_hal_i2c_ex.o
 .debug_frame   0x00000000000024ec      0x214 Drivers/STM32F3xx_HAL_Driver/Src/stm32f3xx_hal_rcc.o
 .debug_frame   0x0000000000002700       0xb4 Drivers/STM32F3xx_HAL_Driver/Src/stm32f3xx_hal_rcc_ex.o
 .debug_frame   0x00000000000027b4     0x1190 Drivers/STM32F3xx_HAL_Driver/Src/stm32f3xx_hal_tim.o
 .debug_frame   0x0000000000003944      0x610 Drivers/STM32F3xx_HAL_Driver/Src/stm32f3xx_hal_tim_ex.o
 .debug_frame   0x0000000000003f54      0x970 Drivers/STM32F3xx_HAL_Driver/Src/stm32f3xx_hal_uart.o
 .debug_frame   0x00000000000048c4      0x120 Drivers/STM32F3xx_HAL_Driver/Src/stm32f3xx_hal_uart_ex.o
 .debug_frame   0x00000000000049e4       0x2c c:/st/stm32cubeide_1.3.0/stm32cubeide/plugins/com.st.stm32cube.ide.mcu.externaltools.gnu-tools-for-stm32.7-2018-q2-update.win32_1.4.0.202007081208/tools/bin/../lib/gcc/arm-none-eabi/7.3.1/../../../../arm-none-eabi/lib/thumb/v7e-m/fpv4-sp/hard\libc_nano.a(lib_a-init.o)
 .debug_frame   0x0000000000004a10       0x28 c:/st/stm32cubeide_1.3.0/stm32cubeide/plugins/com.st.stm32cube.ide.mcu.externaltools.gnu-tools-for-stm32.7-2018-q2-update.win32_1.4.0.202007081208/tools/bin/../lib/gcc/arm-none-eabi/7.3.1/../../../../arm-none-eabi/lib/thumb/v7e-m/fpv4-sp/hard\libc_nano.a(lib_a-memcpy-stub.o)
 .debug_frame   0x0000000000004a38       0x20 c:/st/stm32cubeide_1.3.0/stm32cubeide/plugins/com.st.stm32cube.ide.mcu.externaltools.gnu-tools-for-stm32.7-2018-q2-update.win32_1.4.0.202007081208/tools/bin/../lib/gcc/arm-none-eabi/7.3.1/../../../../arm-none-eabi/lib/thumb/v7e-m/fpv4-sp/hard\libc_nano.a(lib_a-memset.o)
 .debug_frame   0x0000000000004a58       0xac c:/st/stm32cubeide_1.3.0/stm32cubeide/plugins/com.st.stm32cube.ide.mcu.externaltools.gnu-tools-for-stm32.7-2018-q2-update.win32_1.4.0.202007081208/tools/bin/../lib/gcc/arm-none-eabi/7.3.1/thumb/v7e-m/fpv4-sp/hard\libgcc.a(_arm_addsubdf3.o)
 .debug_frame   0x0000000000004b04       0x50 c:/st/stm32cubeide_1.3.0/stm32cubeide/plugins/com.st.stm32cube.ide.mcu.externaltools.gnu-tools-for-stm32.7-2018-q2-update.win32_1.4.0.202007081208/tools/bin/../lib/gcc/arm-none-eabi/7.3.1/thumb/v7e-m/fpv4-sp/hard\libgcc.a(_arm_muldivdf3.o)
 .debug_frame   0x0000000000004b54       0x24 c:/st/stm32cubeide_1.3.0/stm32cubeide/plugins/com.st.stm32cube.ide.mcu.externaltools.gnu-tools-for-stm32.7-2018-q2-update.win32_1.4.0.202007081208/tools/bin/../lib/gcc/arm-none-eabi/7.3.1/thumb/v7e-m/fpv4-sp/hard\libgcc.a(_arm_truncdfsf2.o)